Component: ARM Compiler 5.06 update 6 (build 750) Tool: armlink [4d35ed]

==============================================================================

Section Cross References

    paso_a_paso.o(i._Z16LCD_InsertarDatoh) refers to paso_a_paso.o(i._Z33LCD_InicializarUnCaracteroComandoh) for LCD_InicializarUnCaracteroComando(unsigned char)
    paso_a_paso.o(i._Z16LCD_InsertarDatoh) refers to pin.o(i._ZN3PIN14cambiar_salidaEb) for PIN::cambiar_salida(bool)
    paso_a_paso.o(i._Z16LCD_InsertarDatoh) refers to paso_a_paso.o(i._Z9LCD_Delayi) for LCD_Delay(int)
    paso_a_paso.o(i._Z16LCD_InsertarDatoh) refers to paso_a_paso.o(.data) for LCD_PRS
    paso_a_paso.o(i._Z17LCD_MostrarEnteroi) refers to _printf_percent.o(.ARM.Collect$$_printf_percent$$00000000) for _printf_percent
    paso_a_paso.o(i._Z17LCD_MostrarEnteroi) refers to _printf_d.o(.ARM.Collect$$_printf_percent$$00000009) for _printf_d
    paso_a_paso.o(i._Z17LCD_MostrarEnteroi) refers to _printf_dec.o(.text) for _printf_int_dec
    paso_a_paso.o(i._Z17LCD_MostrarEnteroi) refers to noretval__2sprintf.o(.text) for __2sprintf
    paso_a_paso.o(i._Z17LCD_MostrarEnteroi) refers to paso_a_paso.o(i._Z24LCD_MostrarUnaCadenaCharPKc) for LCD_MostrarUnaCadenaChar(const char*)
    paso_a_paso.o(i._Z18LCD_InicializarLCDv) refers to paso_a_paso.o(i._Z18LCD_InsetarComandoh) for LCD_InsetarComando(unsigned char)
    paso_a_paso.o(i._Z18LCD_InsetarComandoh) refers to paso_a_paso.o(i._Z33LCD_InicializarUnCaracteroComandoh) for LCD_InicializarUnCaracteroComando(unsigned char)
    paso_a_paso.o(i._Z18LCD_InsetarComandoh) refers to pin.o(i._ZN3PIN14cambiar_salidaEb) for PIN::cambiar_salida(bool)
    paso_a_paso.o(i._Z18LCD_InsetarComandoh) refers to paso_a_paso.o(i._Z9LCD_Delayi) for LCD_Delay(int)
    paso_a_paso.o(i._Z18LCD_InsetarComandoh) refers to paso_a_paso.o(.data) for LCD_PRS
    paso_a_paso.o(i._Z19LCD_MostrarFlotantef) refers to _printf_percent.o(.ARM.Collect$$_printf_percent$$00000000) for _printf_percent
    paso_a_paso.o(i._Z19LCD_MostrarFlotantef) refers to _printf_f.o(.ARM.Collect$$_printf_percent$$00000003) for _printf_f
    paso_a_paso.o(i._Z19LCD_MostrarFlotantef) refers to printf1.o(x$fpl$printf1) for _printf_fp_dec
    paso_a_paso.o(i._Z19LCD_MostrarFlotantef) refers to f2d.o(x$fpl$f2d) for __aeabi_f2d
    paso_a_paso.o(i._Z19LCD_MostrarFlotantef) refers to noretval__2snprintf.o(.text) for __2snprintf
    paso_a_paso.o(i._Z19LCD_MostrarFlotantef) refers to paso_a_paso.o(i._Z24LCD_MostrarUnaCadenaCharPKc) for LCD_MostrarUnaCadenaChar(const char*)
    paso_a_paso.o(i._Z20LCD_CaracterEspecialPA8_c) refers to paso_a_paso.o(i._Z18LCD_InsetarComandoh) for LCD_InsetarComando(unsigned char)
    paso_a_paso.o(i._Z20LCD_CaracterEspecialPA8_c) refers to paso_a_paso.o(i._Z16LCD_InsertarDatoh) for LCD_InsertarDato(unsigned char)
    paso_a_paso.o(i._Z20LCD_CaracterEspecialPA8_c) refers to paso_a_paso.o(.data) for CGRAM
    paso_a_paso.o(i._Z20LCD_posicionarCursorss) refers to paso_a_paso.o(i._Z18LCD_InsetarComandoh) for LCD_InsetarComando(unsigned char)
    paso_a_paso.o(i._Z20LCD_posicionarCursorss) refers to paso_a_paso.o(i._Z24LCD_MostrarUnaCadenaCharPKc) for LCD_MostrarUnaCadenaChar(const char*)
    paso_a_paso.o(i._Z24LCD_MostrarUnaCadenaCharPKc) refers to paso_a_paso.o(i._Z16LCD_InsertarDatoh) for LCD_InsertarDato(unsigned char)
    paso_a_paso.o(i._Z33LCD_InicializarUnCaracteroComandoh) refers to powf.o(i.__hardfp_powf) for __hardfp_powf
    paso_a_paso.o(i._Z33LCD_InicializarUnCaracteroComandoh) refers to pin.o(i._ZN3PIN14cambiar_salidaEb) for PIN::cambiar_salida(bool)
    paso_a_paso.o(i._Z33LCD_InicializarUnCaracteroComandoh) refers to paso_a_paso.o(.bss) for ARRAY_PDATOS
    paso_a_paso.o(i.__sti___15_Paso_a_Paso_cpp_LCD_D0) refers to new.o(i._Znwj) for operator new(unsigned)
    paso_a_paso.o(i.__sti___15_Paso_a_Paso_cpp_LCD_D0) refers to pin.o(i._ZN3PINC1EP12GPIO_TypeDefssbss) for PIN::PIN(GPIO_TypeDef*, short, short, bool, short, short)
    paso_a_paso.o(i.__sti___15_Paso_a_Paso_cpp_LCD_D0) refers to paso_a_paso.o(.data) for LCD_D0
    paso_a_paso.o(i.__sti___15_Paso_a_Paso_cpp_LCD_D0) refers to paso_a_paso.o(.bss) for ARRAY_PDATOS
    paso_a_paso.o(i.main) refers to paso_a_paso.o(i._Z18LCD_InicializarLCDv) for LCD_InicializarLCD()
    paso_a_paso.o(i.main) refers to paso_a_paso.o(i._Z24LCD_MostrarUnaCadenaCharPKc) for LCD_MostrarUnaCadenaChar(const char*)
    paso_a_paso.o(i.main) refers to paso_a_paso.o(i._Z20LCD_posicionarCursorss) for LCD_posicionarCursor(short, short)
    paso_a_paso.o(i.main) refers to paso_a_paso.o(i._Z19LCD_MostrarFlotantef) for LCD_MostrarFlotante(float)
    paso_a_paso.o(i.main) refers to paso_a_paso.o(i._Z18LCD_InsetarComandoh) for LCD_InsetarComando(unsigned char)
    paso_a_paso.o(i.main) refers to paso_a_paso.o(.constdata) for .constdata
    paso_a_paso.o(i.main) refers to paso_a_paso.o(.data) for dato
[...]
    ../../../edgfe/lib_src/arm_noexceptions.c 0x00000000   Number         0  arm_newhandler_noexceptions.o ABSOLUTE
    ../../../edgfe/lib_src/arm_noexceptions.c 0x00000000   Number         0  arm_callunex_noexceptions.o ABSOLUTE
    ../../../edgfe/lib_src/bad_alloc.c       0x00000000   Number         0  bad_alloc_what.o ABSOLUTE
    ../../../edgfe/lib_src/bad_alloc.c       0x00000000   Number         0  bad_alloc_dtor.o ABSOLUTE
    ../../../edgfe/lib_src/delete.c          0x00000000   Number         0  delete.o ABSOLUTE
    ../../../edgfe/lib_src/exception.c       0x00000000   Number         0  exception_dtor.o ABSOLUTE
    ../../../edgfe/lib_src/exception.c       0x00000000   Number         0  exception_what.o ABSOLUTE
    ../../../edgfe/lib_src/new.c             0x00000000   Number         0  new.o ABSOLUTE
    ../../../edgfe/lib_src/typeinfo.c        0x00000000   Number         0  lib_rtti_impl.o ABSOLUTE
    ../../../edgfe/lib_src/typeinfo.c        0x00000000   Number         0  type_info_dtor.o ABSOLUTE
    ../clib/angel/boardlib.s                 0x00000000   Number         0  boardinit3.o ABSOLUTE
    ../clib/angel/boardlib.s                 0x00000000   Number         0  boardshut.o ABSOLUTE
    ../clib/angel/boardlib.s                 0x00000000   Number         0  boardinit2.o ABSOLUTE
    ../clib/angel/boardlib.s                 0x00000000   Number         0  boardinit1.o ABSOLUTE
    ../clib/angel/handlers.s                 0x00000000   Number         0  __scatter_zi.o ABSOLUTE
    ../clib/angel/handlers.s                 0x00000000   Number         0  __scatter_copy.o ABSOLUTE
    ../clib/angel/kernel.s                   0x00000000   Number         0  rtexit2.o ABSOLUTE
    ../clib/angel/kernel.s                   0x00000000   Number         0  __rtentry2.o ABSOLUTE
    ../clib/angel/kernel.s                   0x00000000   Number         0  __rtentry4.o ABSOLUTE
    ../clib/angel/kernel.s                   0x00000000   Number         0  rtexit.o ABSOLUTE
    ../clib/angel/kernel.s                   0x00000000   Number         0  __rtentry.o ABSOLUTE
    ../clib/angel/rt.s                       0x00000000   Number         0  rt_heap_descriptor.o ABSOLUTE
    ../clib/angel/rt.s                       0x00000000   Number         0  rt_errno_addr_intlibspace.o ABSOLUTE
    ../clib/angel/rt.s                       0x00000000   Number         0  rt_errno_addr.o ABSOLUTE
    ../clib/angel/rt.s                       0x00000000   Number         0  rt_locale_intlibspace.o ABSOLUTE
    ../clib/angel/rt.s                       0x00000000   Number         0  rt_locale.o ABSOLUTE
    ../clib/angel/rt.s                       0x00000000   Number         0  rt_eh_globals_addr_intlibspace.o ABSOLUTE
    ../clib/angel/rt.s                       0x00000000   Number         0  rt_heap_descriptor_intlibspace.o ABSOLUTE
    ../clib/angel/rt.s                       0x00000000   Number         0  rt_new_handler_addr_intlibspace.o ABSOLUTE
    ../clib/angel/rt.s                       0x00000000   Number         0  rt_raise.o ABSOLUTE
    ../clib/angel/rt.s                       0x00000000   Number         0  rt_eh_globals_addr.o ABSOLUTE
    ../clib/angel/rt.s                       0x00000000   Number         0  rt_new_handler_addr.o ABSOLUTE
    ../clib/angel/scatter.s                  0x00000000   Number         0  __scatter.o ABSOLUTE
    ../clib/angel/startup.s                  0x00000000   Number         0  __main.o ABSOLUTE
    ../clib/angel/sys.s                      0x00000000   Number         0  mutex_dummy.o ABSOLUTE
    ../clib/angel/sys.s                      0x00000000   Number         0  use_no_semi.o ABSOLUTE
    ../clib/angel/sys.s                      0x00000000   Number         0  libspace.o ABSOLUTE
    ../clib/angel/sys.s                      0x00000000   Number         0  sys_stackheap_outer.o ABSOLUTE
    ../clib/angel/sys.s                      0x00000000   Number         0  indicate_semi.o ABSOLUTE
    ../clib/angel/sysapp.c                   0x00000000   Number         0  sys_wrch.o ABSOLUTE
    ../clib/angel/sysapp.c                   0x00000000   Number         0  sys_command.o ABSOLUTE
    ../clib/angel/sysapp.c                   0x00000000   Number         0  sys_exit.o ABSOLUTE
    ../clib/arm_runtime.c                    0x00000000   Number         0  init_aeabi.o ABSOLUTE
    ../clib/arm_runtime.c                    0x00000000   Number         0  init_aeabi.o ABSOLUTE
    ../clib/armsys.c                         0x00000000   Number         0  argv_veneer.o ABSOLUTE
    ../clib/armsys.c                         0x00000000   Number         0  argv_veneer.o ABSOLUTE
    ../clib/armsys.c                         0x00000000   Number         0  no_argv.o ABSOLUTE
    ../clib/armsys.c                         0x00000000   Number         0  _get_argv.o ABSOLUTE
    ../clib/armsys.c                         0x00000000   Number         0  _get_argv_nomalloc.o ABSOLUTE
    ../clib/bigflt.c                         0x00000000   Number         0  bigflt0.o ABSOLUTE
    ../clib/btod.s                           0x00000000   Number         0  btod.o ABSOLUTE
    ../clib/fenv.c                           0x00000000   Number         0  _rserrno.o ABSOLUTE
    ../clib/heap1.c                          0x00000000   Number         0  h1_final_mt.o ABSOLUTE
    ../clib/heap1.c                          0x00000000   Number         0  h1_extend.o ABSOLUTE
    ../clib/heap1.c                          0x00000000   Number         0  h1_extend_mt.o ABSOLUTE
    ../clib/heap1.c                          0x00000000   Number         0  h1_alloc_mt.o ABSOLUTE
    ../clib/heap1.c                          0x00000000   Number         0  h1_alloc.o ABSOLUTE
    ../clib/heap1.c                          0x00000000   Number         0  h1_free_mt.o ABSOLUTE
    ../clib/heap1.c                          0x00000000   Number         0  h1_final.o ABSOLUTE
    ../clib/heap1.c                          0x00000000   Number         0  h1_init_mt.o ABSOLUTE
    ../clib/heap1.c                          0x00000000   Number         0  h1_free.o ABSOLUTE
    ../clib/heap1.c                          0x00000000   Number         0  h1_init.o ABSOLUTE
    ../clib/heap2.c                          0x00000000   Number         0  fdtree.o ABSOLUTE
    ../clib/heap2.c                          0x00000000   Number         0  heap2.o ABSOLUTE
    ../clib/heap2.c                          0x00000000   Number         0  heap2mt.o ABSOLUTE
    ../clib/heapalloc.c                      0x00000000   Number         0  maybetermalloc1.o ABSOLUTE
    ../clib/heapalloc.c                      0x00000000   Number         0  malloc.o ABSOLUTE
    ../clib/heapalloc.c                      0x00000000   Number         0  maybetermalloc2.o ABSOLUTE
    ../clib/heapalloc.c                      0x00000000   Number         0  maybetermalloc2.o ABSOLUTE
    ../clib/heapalloc.c                      0x00000000   Number         0  maybetermalloc1.o ABSOLUTE
    ../clib/heapalloc.c                      0x00000000   Number         0  hrguard.o ABSOLUTE
    ../clib/heapalloc.c                      0x00000000   Number         0  free.o ABSOLUTE
    ../clib/heapalloc.c                      0x00000000   Number         0  init_alloc.o ABSOLUTE
    ../clib/heapalloc.c                      0x00000000   Number         0  hguard.o ABSOLUTE
    ../clib/heapalloc.c                      0x00000000   Number         0  term_alloc.o ABSOLUTE
    ../clib/heapalloc.c                      0x00000000   Number         0  heapstubs.o ABSOLUTE
    ../clib/heapaux.c                        0x00000000   Number         0  heapauxi.o ABSOLUTE
    ../clib/heapaux.c                        0x00000000   Number         0  heapauxa.o ABSOLUTE
    ../clib/libinit.s                        0x00000000   Number         0  libinit.o ABSOLUTE
    ../clib/libinit.s                        0x00000000   Number         0  libshutdown2.o ABSOLUTE
    ../clib/libinit.s                        0x00000000   Number         0  libinit2.o ABSOLUTE
    ../clib/libinit.s                        0x00000000   Number         0  libshutdown.o ABSOLUTE
    ../clib/locale.s                         0x00000000   Number         0  lc_numeric_c.o ABSOLUTE
    ../clib/longlong.s                       0x00000000   Number         0  lludiv10.o ABSOLUTE
    ../clib/memcpset.s                       0x00000000   Number         0  rt_memcpy_w.o ABSOLUTE
    ../clib/memcpset.s                       0x00000000   Number         0  strcmpv7m_pel.o ABSOLUTE
    ../clib/printf.c                         0x00000000   Number         0  _printf_intcommon.o ABSOLUTE
    ../clib/printf.c                         0x00000000   Number         0  _printf_fp_dec.o ABSOLUTE
    ../clib/printf.c                         0x00000000   Number         0  __printf_flags_ss_wp.o ABSOLUTE
    ../clib/printf.c                         0x00000000   Number         0  _printf_char_common.o ABSOLUTE
    ../clib/printf.c                         0x00000000   Number         0  __printf_ss_wp.o ABSOLUTE
    ../clib/printf.c                         0x00000000   Number         0  _sputc.o ABSOLUTE
    ../clib/printf.c                         0x00000000   Number         0  __printf_flags_wp.o ABSOLUTE
    ../clib/printf.c                         0x00000000   Number         0  _snputc.o ABSOLUTE
    ../clib/printf.c                         0x00000000   Number         0  __printf_wp.o ABSOLUTE
    ../clib/printf.c                         0x00000000   Number         0  _printf_dec.o ABSOLUTE
    ../clib/printf.c                         0x00000000   Number         0  __printf.o ABSOLUTE
    ../clib/printf.c                         0x00000000   Number         0  __printf_ss.o ABSOLUTE
    ../clib/printf.c                         0x00000000   Number         0  __printf_flags.o ABSOLUTE
    ../clib/printf.c                         0x00000000   Number         0  noretval__2sprintf.o ABSOLUTE
    ../clib/printf.c                         0x00000000   Number         0  noretval__2snprintf.o ABSOLUTE
    ../clib/printf.c                         0x00000000   Number         0  __2sprintf.o ABSOLUTE
    ../clib/printf.c                         0x00000000   Number         0  __2snprintf.o ABSOLUTE
    ../clib/printf.c                         0x00000000   Number         0  __printf_nopercent.o ABSOLUTE
    ../clib/printf.c                         0x00000000   Number         0  _printf_fp_infnan.o ABSOLUTE
    ../clib/printf.c                         0x00000000   Number         0  __printf_flags_ss.o ABSOLUTE
    ../clib/printf_percent.s                 0x00000000   Number         0  _printf_f.o ABSOLUTE
    ../clib/printf_percent.s                 0x00000000   Number         0  _printf_d.o ABSOLUTE
    ../clib/printf_percent.s                 0x00000000   Number         0  _printf_percent.o ABSOLUTE
    ../clib/printf_percent.s                 0x00000000   Number         0  _printf_percent_end.o ABSOLUTE
    ../clib/signal.c                         0x00000000   Number         0  __raise.o ABSOLUTE
    ../clib/signal.c                         0x00000000   Number         0  defsig_general.o ABSOLUTE
    ../clib/signal.c                         0x00000000   Number         0  defsig_abrt_inner.o ABSOLUTE
    ../clib/signal.c                         0x00000000   Number         0  defsig_fpe_inner.o ABSOLUTE
    ../clib/signal.c                         0x00000000   Number         0  defsig_rtred_inner.o ABSOLUTE
    ../clib/signal.c                         0x00000000   Number         0  defsig_rtmem_formal.o ABSOLUTE
    ../clib/signal.c                         0x00000000   Number         0  defsig_rtmem_outer.o ABSOLUTE
    ../clib/signal.c                         0x00000000   Number         0  defsig_cppl_inner.o ABSOLUTE
    ../clib/signal.c                         0x00000000   Number         0  defsig_exit.o ABSOLUTE
    ../clib/signal.c                         0x00000000   Number         0  defsig_pvfn_inner.o ABSOLUTE
    ../clib/signal.c                         0x00000000   Number         0  defsig_segv_inner.o ABSOLUTE
    ../clib/signal.c                         0x00000000   Number         0  defsig_other.o ABSOLUTE
    ../clib/signal.c                         0x00000000   Number         0  defsig_abrt_outer.o ABSOLUTE
    ../clib/signal.c                         0x00000000   Number         0  defsig_rtmem_inner.o ABSOLUTE
    ../clib/signal.c                         0x00000000   Number         0  defsig_abrt_formal.o ABSOLUTE
    ../clib/signal.c                         0x00000000   Number         0  defsig_stak_inner.o ABSOLUTE
    ../clib/signal.s                         0x00000000   Number         0  defsig.o ABSOLUTE
    ../clib/stdlib.c                         0x00000000   Number         0  exit.o ABSOLUTE
    ../clib/stdlib.c                         0x00000000   Number         0  abort.o ABSOLUTE
    ../clib/stdlib.c                         0x00000000   Number         0  bsearchnoex.o ABSOLUTE
    ../fplib/dretinf.s                       0x00000000   Number         0  dretinf.o ABSOLUTE
    ../fplib/f2d.s                           0x00000000   Number         0  f2d.o ABSOLUTE
    ../fplib/fnaninf.s                       0x00000000   Number         0  fnaninf.o ABSOLUTE
    ../fplib/fpinit.s                        0x00000000   Number         0  fpinit.o ABSOLUTE
    ../fplib/istatus.s                       0x00000000   Number         0  istatus.o ABSOLUTE
    ../fplib/printf1.s                       0x00000000   Number         0  printf1.o ABSOLUTE
    ../fplib/usenofp.s                       0x00000000   Number         0  usenofp.o ABSOLUTE
    ../mathlib/fpclassify.c                  0x00000000   Number         0  fpclassify.o ABSOLUTE
    ../mathlib/fpclassifyf.c                 0x00000000   Number         0  fpclassifyf.o ABSOLUTE
    ../mathlib/funder.c                      0x00000000   Number         0  funder.o ABSOLUTE
    ../mathlib/powf.c                        0x00000000   Number         0  powf.o ABSOLUTE
    ../mathlib/powf.c                        0x00000000   Number         0  powf_x.o ABSOLUTE
    Paso_a_Paso.cpp                          0x00000000   Number         0  paso_a_paso.o ABSOLUTE
    Paso_a_Paso.cpp                          0x00000000   Number         0  paso_a_paso.o ABSOLUTE
    Pin.cpp                                  0x00000000   Number         0  pin.o ABSOLUTE
    Pin.cpp                                  0x00000000   Number         0  pin.o ABSOLUTE
    RTE\Device\STM32F746ZGTx\startup_stm32f746xx.s 0x00000000   Number         0  startup_stm32f746xx.o ABSOLUTE
    RTE\Device\STM32F746ZGTx\system_stm32f7xx.c 0x00000000   Number         0  system_stm32f7xx.o ABSOLUTE
    RTE\\Device\\STM32F746ZGTx\\system_stm32f7xx.c 0x00000000   Number         0  system_stm32f7xx.o ABSOLUTE
    dc.s                                     0x00000000   Number         0  dc.o ABSOLUTE
    RESET                                    0x08000000   Section      456  startup_stm32f746xx.o(RESET)
    !!!main                                  0x080001c8   Section        8  __main.o(!!!main)
    !!!scatter                               0x080001d0   Section       52  __scatter.o(!!!scatter)
    !!handler_copy                           0x08000204   Section       26  __scatter_copy.o(!!handler_copy)
    !!handler_zi                             0x08000220   Section       28  __scatter_zi.o(!!handler_zi)
    .ARM.Collect$$_printf_percent$$00000000  0x0800023c   Section        0  _printf_percent.o(.ARM.Collect$$_printf_percent$$00000000)
    .ARM.Collect$$_printf_percent$$00000003  0x0800023c   Section        6  _printf_f.o(.ARM.Collect$$_printf_percent$$00000003)
    .ARM.Collect$$_printf_percent$$00000017  0x08000242   Section        4  _printf_percent_end.o(.ARM.Collect$$_printf_percent$$00000017)
    .ARM.Collect$$libinit$$00000000          0x08000246   Section        2  libinit.o(.ARM.Collect$$libinit$$00000000)
    .ARM.Collect$$libinit$$00000001          0x08000248   Section        4  libinit2.o(.ARM.Collect$$libinit$$00000001)
    .ARM.Collect$$libinit$$00000004          0x0800024c   Section        0  libinit2.o(.ARM.Collect$$libinit$$00000004)
    .ARM.Collect$$libinit$$00000005          0x0800024c   Section        8  libinit2.o(.ARM.Collect$$libinit$$00000005)
    .ARM.Collect$$libinit$$0000000A          0x08000254   Section        0  libinit2.o(.ARM.Collect$$libinit$$0000000A)
    .ARM.Collect$$libinit$$0000000C          0x08000254   Section        0  libinit2.o(.ARM.Collect$$libinit$$0000000C)
    .ARM.Collect$$libinit$$0000000E          0x08000254   Section        0  libinit2.o(.ARM.Collect$$libinit$$0000000E)
    .ARM.Collect$$libinit$$0000000F          0x08000254   Section        6  libinit2.o(.ARM.Collect$$libinit$$0000000F)
    .ARM.Collect$$libinit$$00000011          0x0800025a   Section        0  libinit2.o(.ARM.Collect$$libinit$$00000011)
    .ARM.Collect$$libinit$$00000013          0x0800025a   Section        0  libinit2.o(.ARM.Collect$$libinit$$00000013)
    .ARM.Collect$$libinit$$00000015          0x0800025a   Section        0  libinit2.o(.ARM.Collect$$libinit$$00000015)
    .ARM.Collect$$libinit$$00000016          0x0800025a   Section       10  libinit2.o(.ARM.Collect$$libinit$$00000016)
    .ARM.Collect$$libinit$$00000017          0x08000264   Section        0  libinit2.o(.ARM.Collect$$libinit$$00000017)
    .ARM.Collect$$libinit$$00000019          0x08000264   Section        0  libinit2.o(.ARM.Collect$$libinit$$00000019)
    .ARM.Collect$$libinit$$0000001B          0x08000264   Section        0  libinit2.o(.ARM.Collect$$libinit$$0000001B)
    .ARM.Collect$$libinit$$0000001D          0x08000264   Section        0  libinit2.o(.ARM.Collect$$libinit$$0000001D)
    .ARM.Collect$$libinit$$0000001F          0x08000264   Section        0  libinit2.o(.ARM.Collect$$libinit$$0000001F)
    .ARM.Collect$$libinit$$00000021          0x08000264   Section        0  libinit2.o(.ARM.Collect$$libinit$$00000021)
    .ARM.Collect$$libinit$$00000023          0x08000264   Section        0  libinit2.o(.ARM.Collect$$libinit$$00000023)
    .ARM.Collect$$libinit$$00000025          0x08000264   Section        0  libinit2.o(.ARM.Collect$$libinit$$00000025)
    .ARM.Collect$$libinit$$0000002C          0x08000264   Section        0  libinit2.o(.ARM.Collect$$libinit$$0000002C)
    .ARM.Collect$$libinit$$0000002E          0x08000264   Section        0  libinit2.o(.ARM.Collect$$libinit$$0000002E)
    .ARM.Collect$$libinit$$00000030          0x08000264   Section        0  libinit2.o(.ARM.Collect$$libinit$$00000030)
    .ARM.Collect$$libinit$$00000031          0x08000264   Section        4  libinit2.o(.ARM.Collect$$libinit$$00000031)
    .ARM.Collect$$libinit$$00000032          0x08000268   Section        0  libinit2.o(.ARM.Collect$$libinit$$00000032)
    .ARM.Collect$$libinit$$00000033          0x08000268   Section        2  libinit2.o(.ARM.Collect$$libinit$$00000033)
    .ARM.Collect$$libshutdown$$00000000      0x0800026a   Section        2  libshutdown.o(.ARM.Collect$$libshutdown$$00000000)
    .ARM.Collect$$libshutdown$$00000002      0x0800026c   Section        0  libshutdown2.o(.ARM.Collect$$libshutdown$$00000002)
    .ARM.Collect$$libshutdown$$00000004      0x0800026c   Section        0  libshutdown2.o(.ARM.Collect$$libshutdown$$00000004)
    .ARM.Collect$$libshutdown$$00000007      0x0800026c   Section        0  libshutdown2.o(.ARM.Collect$$libshutdown$$00000007)
    .ARM.Collect$$libshutdown$$0000000A      0x0800026c   Section        0  libshutdown2.o(.ARM.Collect$$libshutdown$$0000000A)
    .ARM.Collect$$libshutdown$$0000000C      0x0800026c   Section        0  libshutdown2.o(.ARM.Collect$$libshutdown$$0000000C)
    .ARM.Collect$$libshutdown$$0000000F      0x0800026c   Section        0  libshutdown2.o(.ARM.Collect$$libshutdown$$0000000F)
    .ARM.Collect$$libshutdown$$00000010      0x0800026c   Section        2  libshutdown2.o(.ARM.Collect$$libshutdown$$00000010)
    .ARM.Collect$$rtentry$$00000000          0x0800026e   Section        0  __rtentry.o(.ARM.Collect$$rtentry$$00000000)
    .ARM.Collect$$rtentry$$00000002          0x0800026e   Section        0  __rtentry2.o(.ARM.Collect$$rtentry$$00000002)
    .ARM.Collect$$rtentry$$00000004          0x0800026e   Section        6  __rtentry4.o(.ARM.Collect$$rtentry$$00000004)
    .ARM.Collect$$rtentry$$00000009          0x08000274   Section        0  __rtentry2.o(.ARM.Collect$$rtentry$$00000009)
    .ARM.Collect$$rtentry$$0000000A          0x08000274   Section        4  __rtentry2.o(.ARM.Collect$$rtentry$$0000000A)
    .ARM.Collect$$rtentry$$0000000C          0x08000278   Section        0  __rtentry2.o(.ARM.Collect$$rtentry$$0000000C)
    .ARM.Collect$$rtentry$$0000000D          0x08000278   Section        8  __rtentry2.o(.ARM.Collect$$rtentry$$0000000D)
    .ARM.Collect$$rtexit$$00000000           0x08000280   Section        2  rtexit.o(.ARM.Collect$$rtexit$$00000000)
    .ARM.Collect$$rtexit$$00000002           0x08000282   Section        0  rtexit2.o(.ARM.Collect$$rtexit$$00000002)
    .ARM.Collect$$rtexit$$00000003           0x08000282   Section        4  rtexit2.o(.ARM.Collect$$rtexit$$00000003)
    .ARM.Collect$$rtexit$$00000004           0x08000286   Section        6  rtexit2.o(.ARM.Collect$$rtexit$$00000004)
    .emb_text                                0x0800028c   Section        0  maybetermalloc1.o(.emb_text)
    .text                                    0x0800028c   Section       64  startup_stm32f746xx.o(.text)
    $v0                                      0x0800028c   Number         0  startup_stm32f746xx.o(.text)
    .text                                    0x080002cc   Section        0  noretval__2snprintf.o(.text)
    .text                                    0x08000300   Section        0  __printf.o(.text)
    .text                                    0x08000368   Section        0  heapauxi.o(.text)
    .text                                    0x08000370   Section        0  init_aeabi.o(.text)
    .text                                    0x08000394   Section        8  rt_new_handler_addr_intlibspace.o(.text)
    .text                                    0x0800039c   Section        0  h1_alloc.o(.text)
    .text                                    0x080003fa   Section        0  _rserrno.o(.text)
    .text                                    0x08000410   Section        0  _printf_fp_dec.o(.text)
    _fp_digits                               0x08000413   Thumb Code   432  _printf_fp_dec.o(.text)
    .text                                    0x08000830   Section        0  _printf_char_common.o(.text)
    _printf_input_char                       0x08000831   Thumb Code    10  _printf_char_common.o(.text)
    .text                                    0x08000860   Section        0  _sputc.o(.text)
    .text                                    0x0800086a   Section        0  _snputc.o(.text)
    .text                                    0x0800087a   Section        0  arm_newhandler_noexceptions.o(.text)
    .text                                    0x08000880   Section        8  libspace.o(.text)
    .text                                    0x08000888   Section        8  rt_heap_descriptor_intlibspace.o(.text)
    .text                                    0x08000890   Section        8  rt_locale_intlibspace.o(.text)
    .text                                    0x08000898   Section        8  rt_errno_addr_intlibspace.o(.text)
    .text                                    0x080008a0   Section        0  hguard.o(.text)
    .text                                    0x080008a4   Section        0  init_alloc.o(.text)
    .text                                    0x0800092e   Section        0  h1_init.o(.text)
    .text                                    0x0800093c   Section        0  h1_free.o(.text)
    .text                                    0x0800098a   Section      138  lludiv10.o(.text)
    .text                                    0x08000a14   Section        0  _printf_fp_infnan.o(.text)
    .text                                    0x08000a94   Section        0  bigflt0.o(.text)
    .text                                    0x08000b78   Section        0  arm_exceptions_terminate.o(.text)
    .text                                    0x08000b92   Section       74  sys_stackheap_outer.o(.text)
    .text                                    0x08000bdc   Section        0  h1_extend.o(.text)
    .text                                    0x08000c10   Section        0  exit.o(.text)
    .text                                    0x08000c22   Section        0  abort.o(.text)
    .text                                    0x08000c38   Section        0  defsig_rtmem_outer.o(.text)
    .text                                    0x08000c48   Section      104  strcmpv7m_pel.o(.text)
    .text                                    0x08000cb0   Section        0  arm_exceptions_globs.o(.text)
    [local to arm_exceptions_c]::__default_terminate_handler() 0x08000cb1   Thumb Code     6  arm_exceptions_globs.o(.text)
    .text                                    0x08000d00   Section        0  sys_exit.o(.text)
    .text                                    0x08000d0c   Section        2  use_no_semi.o(.text)
    .text                                    0x08000d0e   Section        0  indicate_semi.o(.text)
    .text                                    0x08000d10   Section        8  rt_eh_globals_addr_intlibspace.o(.text)
    .text                                    0x08000d18   Section        0  defsig_exit.o(.text)
    .text                                    0x08000d22   Section        0  defsig_abrt_outer.o(.text)
    .text                                    0x08000d30   Section        0  defsig_rtmem_inner.o(.text)
    .text                                    0x08000d80   Section        0  arm_exceptions_mem.o(.text)
    .text                                    0x08000dbc   Section        0  defsig_general.o(.text)
    .text                                    0x08000df0   Section        0  defsig_abrt_inner.o(.text)
    .text                                    0x08000e20   Section        0  sys_wrch.o(.text)
    CL$$btod_d2e                             0x08000e2e   Section       62  btod.o(CL$$btod_d2e)
    CL$$btod_d2e_denorm_low                  0x08000e6c   Section       70  btod.o(CL$$btod_d2e_denorm_low)
    CL$$btod_d2e_norm_op1                    0x08000eb2   Section       96  btod.o(CL$$btod_d2e_norm_op1)
    CL$$btod_div_common                      0x08000f12   Section      824  btod.o(CL$$btod_div_common)
    CL$$btod_e2e                             0x0800124a   Section      220  btod.o(CL$$btod_e2e)
    CL$$btod_ediv                            0x08001326   Section       42  btod.o(CL$$btod_ediv)
    CL$$btod_emul                            0x08001350   Section       42  btod.o(CL$$btod_emul)
    CL$$btod_mult_common                     0x0800137a   Section      580  btod.o(CL$$btod_mult_common)
    i.SystemInit                             0x080015c0   Section        0  system_stm32f7xx.o(i.SystemInit)
    i._Z16LCD_InsertarDatoh                  0x08001624   Section        0  paso_a_paso.o(i._Z16LCD_InsertarDatoh)
    i._Z18LCD_InicializarLCDv                0x0800166c   Section        0  paso_a_paso.o(i._Z18LCD_InicializarLCDv)
    i._Z18LCD_InsetarComandoh                0x08001694   Section        0  paso_a_paso.o(i._Z18LCD_InsetarComandoh)
    i._Z19LCD_MostrarFlotantef               0x080016dc   Section        0  paso_a_paso.o(i._Z19LCD_MostrarFlotantef)
    i._Z20LCD_posicionarCursorss             0x08001714   Section        0  paso_a_paso.o(i._Z20LCD_posicionarCursorss)
    i._Z24LCD_MostrarUnaCadenaCharPKc        0x0800175c   Section        0  paso_a_paso.o(i._Z24LCD_MostrarUnaCadenaCharPKc)
    i._Z33LCD_InicializarUnCaracteroComandoh 0x08001774   Section        0  paso_a_paso.o(i._Z33LCD_InicializarUnCaracteroComandoh)
    i._Z9LCD_Delayi                          0x080017dc   Section        0  paso_a_paso.o(i._Z9LCD_Delayi)
    i._ZN3PIN14cambiar_salidaEb              0x080017f4   Section        0  pin.o(i._ZN3PIN14cambiar_salidaEb)
    i._ZN3PINC1EP12GPIO_TypeDefssbss         0x08001824   Section        0  pin.o(i._ZN3PINC1EP12GPIO_TypeDefssbss)
    i._Znwj                                  0x08001910   Section        0  new.o(i._Znwj)
    i.__ARM_fpclassify                       0x08001938   Section        0  fpclassify.o(i.__ARM_fpclassify)
    i.__ARM_fpclassifyf                      0x08001968   Section        0  fpclassifyf.o(i.__ARM_fpclassifyf)
    i.__hardfp_powf                          0x08001990   Section        0  powf.o(i.__hardfp_powf)
    i.__mathlib_flt_divzero                  0x08001ff4   Section        0  funder.o(i.__mathlib_flt_divzero)
    i.__mathlib_flt_infnan2                  0x08002008   Section        0  funder.o(i.__mathlib_flt_infnan2)
    i.__mathlib_flt_invalid                  0x08002010   Section        0  funder.o(i.__mathlib_flt_invalid)
    i.__mathlib_flt_overflow                 0x08002020   Section        0  funder.o(i.__mathlib_flt_overflow)
    i.__mathlib_flt_underflow                0x08002030   Section        0  funder.o(i.__mathlib_flt_underflow)
    i.__sti___15_Paso_a_Paso_cpp_LCD_D0      0x08002040   Section        0  paso_a_paso.o(i.__sti___15_Paso_a_Paso_cpp_LCD_D0)
    __sti___15_Paso_a_Paso_cpp_LCD_D0        0x08002041   Thumb Code   450  paso_a_paso.o(i.__sti___15_Paso_a_Paso_cpp_LCD_D0)
    i.main                                   0x08002238   Section        0  paso_a_paso.o(i.main)
    locale$$code                             0x08002320   Section       44  lc_numeric_c.o(locale$$code)
    x$fpl$dretinf                            0x0800234c   Section       12  dretinf.o(x$fpl$dretinf)
    $v0                                      0x0800234c   Number         0  dretinf.o(x$fpl$dretinf)
    x$fpl$f2d                                0x08002358   Section       86  f2d.o(x$fpl$f2d)
    $v0                                      0x08002358   Number         0  f2d.o(x$fpl$f2d)
    x$fpl$fnaninf                            0x080023ae   Section      140  fnaninf.o(x$fpl$fnaninf)
    $v0                                      0x080023ae   Number         0  fnaninf.o(x$fpl$fnaninf)
    x$fpl$fpinit                             0x0800243a   Section       10  fpinit.o(x$fpl$fpinit)
    $v0                                      0x0800243a   Number         0  fpinit.o(x$fpl$fpinit)
    x$fpl$printf1                            0x08002444   Section        4  printf1.o(x$fpl$printf1)
    $v0                                      0x08002444   Number         0  printf1.o(x$fpl$printf1)
    .constdata                               0x08002448   Section       16  paso_a_paso.o(.constdata)
    x$fpl$usenofp                            0x08002448   Section        0  usenofp.o(x$fpl$usenofp)
    .constdata                               0x08002458   Section      320  powf.o(.constdata)
    table                                    0x08002458   Data         128  powf.o(.constdata)
    powersof2to1over16top                    0x080024d8   Data          64  powf.o(.constdata)
    powersof2to1over16bot                    0x08002518   Data          64  powf.o(.constdata)
    powersof2to1over16all                    0x08002558   Data          64  powf.o(.constdata)
    .constdata                               0x08002598   Section      148  bigflt0.o(.constdata)
    tenpwrs_x                                0x08002598   Data          60  bigflt0.o(.constdata)
    tenpwrs_i                                0x080025d4   Data          64  bigflt0.o(.constdata)
    locale$$data                             0x0800264c   Section       28  lc_numeric_c.o(locale$$data)
    __lcnum_c_name                           0x08002650   Data           2  lc_numeric_c.o(locale$$data)
    __lcnum_c_start                          0x08002658   Data           0  lc_numeric_c.o(locale$$data)
    __lcnum_c_point                          0x08002664   Data           0  lc_numeric_c.o(locale$$data)
    __lcnum_c_thousands                      0x08002666   Data           0  lc_numeric_c.o(locale$$data)
    __lcnum_c_grouping                       0x08002667   Data           0  lc_numeric_c.o(locale$$data)
    .init_array                              0x08002668   Section        4  paso_a_paso.o(.init_array)
    __lcnum_c_end                            0x08002668   Data           0  lc_numeric_c.o(locale$$data)
    .init_array                              0x0800266c   Section        0  init_aeabi.o(.init_array)
    .data                                    0x20010000   Section       56  paso_a_paso.o(.data)
    .bss                                     0x20010038   Section       32  paso_a_paso.o(.bss)
    .bss                                     0x20010058   Section       96  libspace.o(.bss)
    HEAP                                     0x200100b8   Section      512  startup_stm32f746xx.o(HEAP)
    Heap_Mem                                 0x200100b8   Data         512  startup_stm32f746xx.o(HEAP)
    STACK                                    0x200102b8   Section     1024  startup_stm32f746xx.o(STACK)
    Stack_Mem                                0x200102b8   Data        1024  startup_stm32f746xx.o(STACK)
    __initial_sp                             0x200106b8   Data           0  startup_stm32f746xx.o(STACK)

    Global Symbols

    Symbol Name                              Value     Ov Type        Size  Object(Section)

    BuildAttributes$$THM_ISAv4$E$P$D$K$B$S$7EM$VFPi5$EXTD16$VFPS$VFMA$PE$PLD8$A:L22UL41UL21$X:L11$S22US41US21$IEEE1$IW$USESV6$~STKCKD$USESV7$~SHL$OTIME$ROPI$IEEEX$EBA8$UX$STANDARDLIB$REQ8$PRES8$EABIv2 0x00000000   Number         0  anon$$obj.o ABSOLUTE
    __ARM_use_no_argv                        0x00000000   Number         0  paso_a_paso.o ABSOLUTE
    SHT$$ARM_EXIDX$$Base                      - Undefined Reference
    SHT$$ARM_EXIDX$$Limit                     - Undefined Reference
    __ARM::default_unexpected_handler()       - Undefined Weak Reference
    __ARM_exceptions_buffer_required          - Undefined Weak Reference
    __ARM_exceptions_init                     - Undefined Weak Reference
    __aeabi_unwind_cpp_pr1                    - Undefined Weak Reference
    __aeabi_unwind_cpp_pr2                    - Undefined Weak Reference
    __alloca_initialize                       - Undefined Weak Reference
    __arm_preinit_                            - Undefined Weak Reference
    __cxa_begin_cleanup                       - Undefined Weak Reference
    __cxa_finalize                            - Undefined Weak Reference
    __cxa_type_match                          - Undefined Weak Reference
    __sigvec_lookup                           - Undefined Weak Reference
    __user_heap_extent                        - Undefined Weak Reference
    _atexit_init                              - Undefined Weak Reference
    _call_atexit_fns                          - Undefined Weak Reference
    _clock_init                               - Undefined Weak Reference
    _fp_trap_init                             - Undefined Weak Reference
    _fp_trap_shutdown                         - Undefined Weak Reference
    _get_lc_collate                           - Undefined Weak Reference
    _get_lc_ctype                             - Undefined Weak Reference
    _get_lc_monetary                          - Undefined Weak Reference
    _get_lc_time                              - Undefined Weak Reference
    _getenv_init                              - Undefined Weak Reference
    _handle_redirection                       - Undefined Weak Reference
    _initio                                   - Undefined Weak Reference
    _mutex_acquire                            - Undefined Weak Reference
    _mutex_free                               - Undefined Weak Reference
    _mutex_release                            - Undefined Weak Reference
    _printf_post_padding                      - Undefined Weak Reference
    _printf_pre_padding                       - Undefined Weak Reference
    _printf_truncate_signed                   - Undefined Weak Reference
    _printf_truncate_unsigned                 - Undefined Weak Reference
    _rand_init                                - Undefined Weak Reference
    _signal_finish                            - Undefined Weak Reference
    _signal_init                              - Undefined Weak Reference
    _terminateio                              - Undefined Weak Reference
    __Vectors_Size                           0x000001c8   Number         0  startup_stm32f746xx.o ABSOLUTE
    __Vectors                                0x08000000   Data           4  startup_stm32f746xx.o(RESET)
    __Vectors_End                            0x080001c8   Data           0  startup_stm32f746xx.o(RESET)
    __main                                   0x080001c9   Thumb Code     8  __main.o(!!!main)
    __scatterload                            0x080001d1   Thumb Code     0  __scatter.o(!!!scatter)
    __scatterload_rt2                        0x080001d1   Thumb Code    44  __scatter.o(!!!scatter)
    __scatterload_rt2_thumb_only             0x080001d1   Thumb Code     0  __scatter.o(!!!scatter)
    __scatterload_null                       0x080001df   Thumb Code     0  __scatter.o(!!!scatter)
    __scatterload_copy                       0x08000205   Thumb Code    26  __scatter_copy.o(!!handler_copy)
    __scatterload_zeroinit                   0x08000221   Thumb Code    28  __scatter_zi.o(!!handler_zi)
    _printf_f                                0x0800023d   Thumb Code     0  _printf_f.o(.ARM.Collect$$_printf_percent$$00000003)
    _printf_percent                          0x0800023d   Thumb Code     0  _printf_percent.o(.ARM.Collect$$_printf_percent$$00000000)
    _printf_percent_end                      0x08000243   Thumb Code     0  _printf_percent_end.o(.ARM.Collect$$_printf_percent$$00000017)
    __rt_lib_init                            0x08000247   Thumb Code     0  libinit.o(.ARM.Collect$$libinit$$00000000)
    __rt_lib_init_fp_1                       0x08000249   Thumb Code     0  libinit2.o(.ARM.Collect$$libinit$$00000001)
    __rt_lib_init_heap_2                     0x0800024d   Thumb Code     0  libinit2.o(.ARM.Collect$$libinit$$00000005)
    __rt_lib_init_preinit_1                  0x0800024d   Thumb Code     0  libinit2.o(.ARM.Collect$$libinit$$00000004)
    __rt_lib_init_heap_1                     0x08000255   Thumb Code     0  libinit2.o(.ARM.Collect$$libinit$$0000000A)
    __rt_lib_init_lc_common                  0x08000255   Thumb Code     0  libinit2.o(.ARM.Collect$$libinit$$0000000F)
    __rt_lib_init_rand_1                     0x08000255   Thumb Code     0  libinit2.o(.ARM.Collect$$libinit$$0000000E)
    __rt_lib_init_user_alloc_1               0x08000255   Thumb Code     0  libinit2.o(.ARM.Collect$$libinit$$0000000C)
    __rt_lib_init_lc_collate_1               0x0800025b   Thumb Code     0  libinit2.o(.ARM.Collect$$libinit$$00000011)
    __rt_lib_init_lc_ctype_1                 0x0800025b   Thumb Code     0  libinit2.o(.ARM.Collect$$libinit$$00000013)
    __rt_lib_init_lc_monetary_1              0x0800025b   Thumb Code     0  libinit2.o(.ARM.Collect$$libinit$$00000015)
    __rt_lib_init_lc_numeric_2               0x0800025b   Thumb Code     0  libinit2.o(.ARM.Collect$$libinit$$00000016)
    __rt_lib_init_alloca_1                   0x08000265   Thumb Code     0  libinit2.o(.ARM.Collect$$libinit$$0000002E)
    __rt_lib_init_argv_1                     0x08000265   Thumb Code     0  libinit2.o(.ARM.Collect$$libinit$$0000002C)
    __rt_lib_init_atexit_1                   0x08000265   Thumb Code     0  libinit2.o(.ARM.Collect$$libinit$$0000001B)
    __rt_lib_init_clock_1                    0x08000265   Thumb Code     0  libinit2.o(.ARM.Collect$$libinit$$00000021)
    __rt_lib_init_cpp_2                      0x08000265   Thumb Code     0  libinit2.o(.ARM.Collect$$libinit$$00000031)
    __rt_lib_init_exceptions_1               0x08000265   Thumb Code     0  libinit2.o(.ARM.Collect$$libinit$$00000030)
    __rt_lib_init_fp_trap_1                  0x08000265   Thumb Code     0  libinit2.o(.ARM.Collect$$libinit$$0000001F)
    __rt_lib_init_getenv_1                   0x08000265   Thumb Code     0  libinit2.o(.ARM.Collect$$libinit$$00000023)
    __rt_lib_init_lc_numeric_1               0x08000265   Thumb Code     0  libinit2.o(.ARM.Collect$$libinit$$00000017)
    __rt_lib_init_lc_time_1                  0x08000265   Thumb Code     0  libinit2.o(.ARM.Collect$$libinit$$00000019)
    __rt_lib_init_signal_1                   0x08000265   Thumb Code     0  libinit2.o(.ARM.Collect$$libinit$$0000001D)
    __rt_lib_init_stdio_1                    0x08000265   Thumb Code     0  libinit2.o(.ARM.Collect$$libinit$$00000025)
    __rt_lib_init_cpp_1                      0x08000269   Thumb Code     0  libinit2.o(.ARM.Collect$$libinit$$00000032)
    __rt_lib_init_return                     0x08000269   Thumb Code     0  libinit2.o(.ARM.Collect$$libinit$$00000033)
    __rt_lib_shutdown                        0x0800026b   Thumb Code     0  libshutdown.o(.ARM.Collect$$libshutdown$$00000000)
    __rt_lib_shutdown_cpp_1                  0x0800026d   Thumb Code     0  libshutdown2.o(.ARM.Collect$$libshutdown$$00000002)
    __rt_lib_shutdown_fp_trap_1              0x0800026d   Thumb Code     0  libshutdown2.o(.ARM.Collect$$libshutdown$$00000007)
    __rt_lib_shutdown_heap_1                 0x0800026d   Thumb Code     0  libshutdown2.o(.ARM.Collect$$libshutdown$$0000000F)
    __rt_lib_shutdown_return                 0x0800026d   Thumb Code     0  libshutdown2.o(.ARM.Collect$$libshutdown$$00000010)
    __rt_lib_shutdown_signal_1               0x0800026d   Thumb Code     0  libshutdown2.o(.ARM.Collect$$libshutdown$$0000000A)
    __rt_lib_shutdown_stdio_1                0x0800026d   Thumb Code     0  libshutdown2.o(.ARM.Collect$$libshutdown$$00000004)
    __rt_lib_shutdown_user_alloc_1           0x0800026d   Thumb Code     0  libshutdown2.o(.ARM.Collect$$libshutdown$$0000000C)
    __rt_entry                               0x0800026f   Thumb Code     0  __rtentry.o(.ARM.Collect$$rtentry$$00000000)
    __rt_entry_presh_1                       0x0800026f   Thumb Code     0  __rtentry2.o(.ARM.Collect$$rtentry$$00000002)
    __rt_entry_sh                            0x0800026f   Thumb Code     0  __rtentry4.o(.ARM.Collect$$rtentry$$00000004)
    __rt_entry_li                            0x08000275   Thumb Code     0  __rtentry2.o(.ARM.Collect$$rtentry$$0000000A)
    __rt_entry_postsh_1                      0x08000275   Thumb Code     0  __rtentry2.o(.ARM.Collect$$rtentry$$00000009)
    __rt_entry_main                          0x08000279   Thumb Code     0  __rtentry2.o(.ARM.Collect$$rtentry$$0000000D)
    __rt_entry_postli_1                      0x08000279   Thumb Code     0  __rtentry2.o(.ARM.Collect$$rtentry$$0000000C)
    __rt_exit                                0x08000281   Thumb Code     0  rtexit.o(.ARM.Collect$$rtexit$$00000000)
    __rt_exit_ls                             0x08000283   Thumb Code     0  rtexit2.o(.ARM.Collect$$rtexit$$00000003)
    __rt_exit_prels_1                        0x08000283   Thumb Code     0  rtexit2.o(.ARM.Collect$$rtexit$$00000002)
    __rt_exit_exit                           0x08000287   Thumb Code     0  rtexit2.o(.ARM.Collect$$rtexit$$00000004)
    Reset_Handler                            0x0800028d   Thumb Code     8  startup_stm32f746xx.o(.text)
    _maybe_terminate_alloc                   0x0800028d   Thumb Code     0  maybetermalloc1.o(.emb_text)
    NMI_Handler                              0x08000295   Thumb Code     2  startup_stm32f746xx.o(.text)
    HardFault_Handler                        0x08000297   Thumb Code     2  startup_stm32f746xx.o(.text)
    MemManage_Handler                        0x08000299   Thumb Code     2  startup_stm32f746xx.o(.text)
    BusFault_Handler                         0x0800029b   Thumb Code     2  startup_stm32f746xx.o(.text)
    UsageFault_Handler                       0x0800029d   Thumb Code     2  startup_stm32f746xx.o(.text)
    SVC_Handler                              0x0800029f   Thumb Code     2  startup_stm32f746xx.o(.text)
    DebugMon_Handler                         0x080002a1   Thumb Code     2  startup_stm32f746xx.o(.text)
    PendSV_Handler                           0x080002a3   Thumb Code     2  startup_stm32f746xx.o(.text)
    SysTick_Handler                          0x080002a5   Thumb Code     2  startup_stm32f746xx.o(.text)
    ADC_IRQHandler                           0x080002a7   Thumb Code     0  startup_stm32f746xx.o(.text)
    CAN1_RX0_IRQHandler                      0x080002a7   Thumb Code     0  startup_stm32f746xx.o(.text)
    CAN1_RX1_IRQHandler                      0x080002a7   Thumb Code     0  startup_stm32f746xx.o(.text)
    CAN1_SCE_IRQHandler                      0x080002a7   Thumb Code     0  startup_stm32f746xx.o(.text)
    CAN1_TX_IRQHandler                       0x080002a7   Thumb Code     0  startup_stm32f746xx.o(.text)
    CAN2_RX0_IRQHandler                      0x080002a7   Thumb Code     0  startup_stm32f746xx.o(.text)
    CAN2_RX1_IRQHandler                      0x080002a7   Thumb Code     0  startup_stm32f746xx.o(.text)
    CAN2_SCE_IRQHandler                      0x080002a7   Thumb Code     0  startup_stm32f746xx.o(.text)
    CAN2_TX_IRQHandler                       0x080002a7   Thumb Code     0  startup_stm32f746xx.o(.text)
    CEC_IRQHandler                           0x080002a7   Thumb Code     0  startup_stm32f746xx.o(.text)
    DCMI_IRQHandler                          0x080002a7   Thumb Code     0  startup_stm32f746xx.o(.text)
    DMA1_Stream0_IRQHandler                  0x080002a7   Thumb Code     0  startup_stm32f746xx.o(.text)
    DMA1_Stream1_IRQHandler                  0x080002a7   Thumb Code     0  startup_stm32f746xx.o(.text)
    DMA1_Stream2_IRQHandler                  0x080002a7   Thumb Code     0  startup_stm32f746xx.o(.text)
    DMA1_Stream3_IRQHandler                  0x080002a7   Thumb Code     0  startup_stm32f746xx.o(.text)
    DMA1_Stream4_IRQHandler                  0x080002a7   Thumb Code     0  startup_stm32f746xx.o(.text)
    DMA1_Stream5_IRQHandler                  0x080002a7   Thumb Code     0  startup_stm32f746xx.o(.text)
    DMA1_Stream6_IRQHandler                  0x080002a7   Thumb Code     0  startup_stm32f746xx.o(.text)
    DMA1_Stream7_IRQHandler                  0x080002a7   Thumb Code     0  startup_stm32f746xx.o(.text)
    DMA2D_IRQHandler                         0x080002a7   Thumb Code     0  startup_stm32f746xx.o(.text)
    DMA2_Stream0_IRQHandler                  0x080002a7   Thumb Code     0  startup_stm32f746xx.o(.text)
    DMA2_Stream1_IRQHandler                  0x080002a7   Thumb Code     0  startup_stm32f746xx.o(.text)
    DMA2_Stream2_IRQHandler                  0x080002a7   Thumb Code     0  startup_stm32f746xx.o(.text)
    DMA2_Stream3_IRQHandler                  0x080002a7   Thumb Code     0  startup_stm32f746xx.o(.text)
    DMA2_Stream4_IRQHandler                  0x080002a7   Thumb Code     0  startup_stm32f746xx.o(.text)
    DMA2_Stream5_IRQHandler                  0x080002a7   Thumb Code     0  startup_stm32f746xx.o(.text)
    DMA2_Stream6_IRQHandler                  0x080002a7   Thumb Code     0  startup_stm32f746xx.o(.text)
    DMA2_Stream7_IRQHandler                  0x080002a7   Thumb Code     0  startup_stm32f746xx.o(.text)
    ETH_IRQHandler                           0x080002a7   Thumb Code     0  startup_stm32f746xx.o(.text)
    ETH_WKUP_IRQHandler                      0x080002a7   Thumb Code     0  startup_stm32f746xx.o(.text)
    EXTI0_IRQHandler                         0x080002a7   Thumb Code     0  startup_stm32f746xx.o(.text)
    EXTI15_10_IRQHandler                     0x080002a7   Thumb Code     0  startup_stm32f746xx.o(.text)
    EXTI1_IRQHandler                         0x080002a7   Thumb Code     0  startup_stm32f746xx.o(.text)
    EXTI2_IRQHandler                         0x080002a7   Thumb Code     0  startup_stm32f746xx.o(.text)
    EXTI3_IRQHandler                         0x080002a7   Thumb Code     0  startup_stm32f746xx.o(.text)
    EXTI4_IRQHandler                         0x080002a7   Thumb Code     0  startup_stm32f746xx.o(.text)
    EXTI9_5_IRQHandler                       0x080002a7   Thumb Code     0  startup_stm32f746xx.o(.text)
    FLASH_IRQHandler                         0x080002a7   Thumb Code     0  startup_stm32f746xx.o(.text)
    FMC_IRQHandler                           0x080002a7   Thumb Code     0  startup_stm32f746xx.o(.text)
    FPU_IRQHandler                           0x080002a7   Thumb Code     0  startup_stm32f746xx.o(.text)
    I2C1_ER_IRQHandler                       0x080002a7   Thumb Code     0  startup_stm32f746xx.o(.text)
    I2C1_EV_IRQHandler                       0x080002a7   Thumb Code     0  startup_stm32f746xx.o(.text)
    I2C2_ER_IRQHandler                       0x080002a7   Thumb Code     0  startup_stm32f746xx.o(.text)
    I2C2_EV_IRQHandler                       0x080002a7   Thumb Code     0  startup_stm32f746xx.o(.text)
    I2C3_ER_IRQHandler                       0x080002a7   Thumb Code     0  startup_stm32f746xx.o(.text)
    I2C3_EV_IRQHandler                       0x080002a7   Thumb Code     0  startup_stm32f746xx.o(.text)
    I2C4_ER_IRQHandler                       0x080002a7   Thumb Code     0  startup_stm32f746xx.o(.text)
    I2C4_EV_IRQHandler                       0x080002a7   Thumb Code     0  startup_stm32f746xx.o(.text)
    LPTIM1_IRQHandler                        0x080002a7   Thumb Code     0  startup_stm32f746xx.o(.text)
    LTDC_ER_IRQHandler                       0x080002a7   Thumb Code     0  startup_stm32f746xx.o(.text)
    LTDC_IRQHandler                          0x080002a7   Thumb Code     0  startup_stm32f746xx.o(.text)
    OTG_FS_IRQHandler                        0x080002a7   Thumb Code     0  startup_stm32f746xx.o(.text)
    OTG_FS_WKUP_IRQHandler                   0x080002a7   Thumb Code     0  startup_stm32f746xx.o(.text)
    OTG_HS_EP1_IN_IRQHandler                 0x080002a7   Thumb Code     0  startup_stm32f746xx.o(.text)
    OTG_HS_EP1_OUT_IRQHandler                0x080002a7   Thumb Code     0  startup_stm32f746xx.o(.text)
    OTG_HS_IRQHandler                        0x080002a7   Thumb Code     0  startup_stm32f746xx.o(.text)
    OTG_HS_WKUP_IRQHandler                   0x080002a7   Thumb Code     0  startup_stm32f746xx.o(.text)
    PVD_IRQHandler                           0x080002a7   Thumb Code     0  startup_stm32f746xx.o(.text)
    QUADSPI_IRQHandler                       0x080002a7   Thumb Code     0  startup_stm32f746xx.o(.text)
    RCC_IRQHandler                           0x080002a7   Thumb Code     0  startup_stm32f746xx.o(.text)
    RNG_IRQHandler                           0x080002a7   Thumb Code     0  startup_stm32f746xx.o(.text)
    RTC_Alarm_IRQHandler                     0x080002a7   Thumb Code     0  startup_stm32f746xx.o(.text)
    RTC_WKUP_IRQHandler                      0x080002a7   Thumb Code     0  startup_stm32f746xx.o(.text)
    SAI1_IRQHandler                          0x080002a7   Thumb Code     0  startup_stm32f746xx.o(.text)
    SAI2_IRQHandler                          0x080002a7   Thumb Code     0  startup_stm32f746xx.o(.text)
    SDMMC1_IRQHandler                        0x080002a7   Thumb Code     0  startup_stm32f746xx.o(.text)
    SPDIF_RX_IRQHandler                      0x080002a7   Thumb Code     0  startup_stm32f746xx.o(.text)
    SPI1_IRQHandler                          0x080002a7   Thumb Code     0  startup_stm32f746xx.o(.text)
    SPI2_IRQHandler                          0x080002a7   Thumb Code     0  startup_stm32f746xx.o(.text)
    SPI3_IRQHandler                          0x080002a7   Thumb Code     0  startup_stm32f746xx.o(.text)
    SPI4_IRQHandler                          0x080002a7   Thumb Code     0  startup_stm32f746xx.o(.text)
    SPI5_IRQHandler                          0x080002a7   Thumb Code     0  startup_stm32f746xx.o(.text)
    SPI6_IRQHandler                          0x080002a7   Thumb Code     0  startup_stm32f746xx.o(.text)
    TAMP_STAMP_IRQHandler                    0x080002a7   Thumb Code     0  startup_stm32f746xx.o(.text)
    TIM1_BRK_TIM9_IRQHandler                 0x080002a7   Thumb Code     0  startup_stm32f746xx.o(.text)
    TIM1_CC_IRQHandler                       0x080002a7   Thumb Code     0  startup_stm32f746xx.o(.text)
    TIM1_TRG_COM_TIM11_IRQHandler            0x080002a7   Thumb Code     0  startup_stm32f746xx.o(.text)
    TIM1_UP_TIM10_IRQHandler                 0x080002a7   Thumb Code     0  startup_stm32f746xx.o(.text)
    TIM2_IRQHandler                          0x080002a7   Thumb Code     0  startup_stm32f746xx.o(.text)
    TIM3_IRQHandler                          0x080002a7   Thumb Code     0  startup_stm32f746xx.o(.text)
    TIM4_IRQHandler                          0x080002a7   Thumb Code     0  startup_stm32f746xx.o(.text)
    TIM5_IRQHandler                          0x080002a7   Thumb Code     0  startup_stm32f746xx.o(.text)
    TIM6_DAC_IRQHandler                      0x080002a7   Thumb Code     0  startup_stm32f746xx.o(.text)
    TIM7_IRQHandler                          0x080002a7   Thumb Code     0  startup_stm32f746xx.o(.text)
    TIM8_BRK_TIM12_IRQHandler                0x080002a7   Thumb Code     0  startup_stm32f746xx.o(.text)
    TIM8_CC_IRQHandler                       0x080002a7   Thumb Code     0  startup_stm32f746xx.o(.text)
    TIM8_TRG_COM_TIM14_IRQHandler            0x080002a7   Thumb Code     0  startup_stm32f746xx.o(.text)
    TIM8_UP_TIM13_IRQHandler                 0x080002a7   Thumb Code     0  startup_stm32f746xx.o(.text)
    UART4_IRQHandler                         0x080002a7   Thumb Code     0  startup_stm32f746xx.o(.text)
    UART5_IRQHandler                         0x080002a7   Thumb Code     0  startup_stm32f746xx.o(.text)
    UART7_IRQHandler                         0x080002a7   Thumb Code     0  startup_stm32f746xx.o(.text)
    UART8_IRQHandler                         0x080002a7   Thumb Code     0  startup_stm32f746xx.o(.text)
    USART1_IRQHandler                        0x080002a7   Thumb Code     0  startup_stm32f746xx.o(.text)
    USART2_IRQHandler                        0x080002a7   Thumb Code     0  startup_stm32f746xx.o(.text)
    USART3_IRQHandler                        0x080002a7   Thumb Code     0  startup_stm32f746xx.o(.text)
    USART6_IRQHandler                        0x080002a7   Thumb Code     0  startup_stm32f746xx.o(.text)
    WWDG_IRQHandler                          0x080002a7   Thumb Code     0  startup_stm32f746xx.o(.text)
    __user_initial_stackheap                 0x080002a9   Thumb Code     0  startup_stm32f746xx.o(.text)
    __2snprintf                              0x080002cd   Thumb Code    48  noretval__2snprintf.o(.text)
    __printf                                 0x08000301   Thumb Code   104  __printf.o(.text)
    __use_two_region_memory                  0x08000369   Thumb Code     2  heapauxi.o(.text)
    __rt_heap_escrow                         0x0800036b   Thumb Code     2  heapauxi.o(.text)
    __rt_heap_expand                         0x0800036d   Thumb Code     2  heapauxi.o(.text)
    __cpp_initialize__aeabi_                 0x08000371   Thumb Code    26  init_aeabi.o(.text)
    __rt_new_handler_addr                    0x08000395   Thumb Code     8  rt_new_handler_addr_intlibspace.o(.text)
    malloc                                   0x0800039d   Thumb Code    94  h1_alloc.o(.text)
    __read_errno                             0x080003fb   Thumb Code    10  _rserrno.o(.text)
    __set_errno                              0x08000405   Thumb Code    12  _rserrno.o(.text)
    __lib_sel_fp_printf                      0x08000411   Thumb Code     2  _printf_fp_dec.o(.text)
    _printf_fp_dec_real                      0x080005c3   Thumb Code   620  _printf_fp_dec.o(.text)
    _printf_char_common                      0x0800083b   Thumb Code    32  _printf_char_common.o(.text)
    _sputc                                   0x08000861   Thumb Code    10  _sputc.o(.text)
    _snputc                                  0x0800086b   Thumb Code    16  _snputc.o(.text)
    __default_new_handler()                  0x0800087b   Thumb Code     4  arm_newhandler_noexceptions.o(.text)
    __user_libspace                          0x08000881   Thumb Code     8  libspace.o(.text)
    __user_perproc_libspace                  0x08000881   Thumb Code     0  libspace.o(.text)
    __user_perthread_libspace                0x08000881   Thumb Code     0  libspace.o(.text)
    __rt_heap_descriptor                     0x08000889   Thumb Code     8  rt_heap_descriptor_intlibspace.o(.text)
    __rt_locale                              0x08000891   Thumb Code     8  rt_locale_intlibspace.o(.text)
    __aeabi_errno_addr                       0x08000899   Thumb Code     8  rt_errno_addr_intlibspace.o(.text)
    __errno$intlibspace                      0x08000899   Thumb Code     0  rt_errno_addr_intlibspace.o(.text)
    __rt_errno_addr$intlibspace              0x08000899   Thumb Code     0  rt_errno_addr_intlibspace.o(.text)
    __use_no_heap                            0x080008a1   Thumb Code     2  hguard.o(.text)
    __heap$guard                             0x080008a3   Thumb Code     2  hguard.o(.text)
    _terminate_user_alloc                    0x080008a5   Thumb Code     2  init_alloc.o(.text)
    _init_user_alloc                         0x080008a7   Thumb Code     2  init_alloc.o(.text)
    __Heap_Full                              0x080008a9   Thumb Code    34  init_alloc.o(.text)
    __Heap_Broken                            0x080008cb   Thumb Code     6  init_alloc.o(.text)
    _init_alloc                              0x080008d1   Thumb Code    94  init_alloc.o(.text)
    __Heap_Initialize                        0x0800092f   Thumb Code    10  h1_init.o(.text)
    __Heap_DescSize                          0x08000939   Thumb Code     4  h1_init.o(.text)
    free                                     0x0800093d   Thumb Code    78  h1_free.o(.text)
    _ll_udiv10                               0x0800098b   Thumb Code   138  lludiv10.o(.text)
    _printf_fp_infnan                        0x08000a15   Thumb Code   112  _printf_fp_infnan.o(.text)
    _btod_etento                             0x08000a95   Thumb Code   224  bigflt0.o(.text)
    std::terminate()                         0x08000b79   Thumb Code    26  arm_exceptions_terminate.o(.text)
    __user_setup_stackheap                   0x08000b93   Thumb Code    74  sys_stackheap_outer.o(.text)
    __Heap_ProvideMemory                     0x08000bdd   Thumb Code    52  h1_extend.o(.text)
    exit                                     0x08000c11   Thumb Code    18  exit.o(.text)
    abort                                    0x08000c23   Thumb Code    22  abort.o(.text)
    __rt_SIGRTMEM                            0x08000c39   Thumb Code    14  defsig_rtmem_outer.o(.text)
    strcmp                                   0x08000c49   Thumb Code   104  strcmpv7m_pel.o(.text)
    __cxa_get_globals                        0x08000cb7   Thumb Code    62  arm_exceptions_globs.o(.text)
    _sys_exit                                0x08000d01   Thumb Code     8  sys_exit.o(.text)
    __I$use$semihosting                      0x08000d0d   Thumb Code     0  use_no_semi.o(.text)
    __use_no_semihosting_swi                 0x08000d0d   Thumb Code     2  use_no_semi.o(.text)
    __semihosting_library_function           0x08000d0f   Thumb Code     0  indicate_semi.o(.text)
    __rt_eh_globals_addr                     0x08000d11   Thumb Code     8  rt_eh_globals_addr_intlibspace.o(.text)
    __sig_exit                               0x08000d19   Thumb Code    10  defsig_exit.o(.text)
    __rt_SIGABRT                             0x08000d23   Thumb Code    14  defsig_abrt_outer.o(.text)
    __rt_SIGRTMEM_inner                      0x08000d31   Thumb Code    22  defsig_rtmem_inner.o(.text)
    __ARM_exceptions_buffer_init             0x08000d81   Thumb Code    18  arm_exceptions_mem.o(.text)
    __ARM_exceptions_buffer_allocate         0x08000d93   Thumb Code    22  arm_exceptions_mem.o(.text)
    __ARM_exceptions_buffer_free             0x08000da9   Thumb Code    20  arm_exceptions_mem.o(.text)
    __default_signal_display                 0x08000dbd   Thumb Code    50  defsig_general.o(.text)
    __rt_SIGABRT_inner                       0x08000df1   Thumb Code    14  defsig_abrt_inner.o(.text)
    _ttywrch                                 0x08000e21   Thumb Code    14  sys_wrch.o(.text)
    _btod_d2e                                0x08000e2f   Thumb Code    62  btod.o(CL$$btod_d2e)
    _d2e_denorm_low                          0x08000e6d   Thumb Code    70  btod.o(CL$$btod_d2e_denorm_low)
    _d2e_norm_op1                            0x08000eb3   Thumb Code    96  btod.o(CL$$btod_d2e_norm_op1)
    __btod_div_common                        0x08000f13   Thumb Code   696  btod.o(CL$$btod_div_common)
    _e2e                                     0x0800124b   Thumb Code   220  btod.o(CL$$btod_e2e)
    _btod_ediv                               0x08001327   Thumb Code    42  btod.o(CL$$btod_ediv)
    _btod_emul                               0x08001351   Thumb Code    42  btod.o(CL$$btod_emul)
    __btod_mult_common                       0x0800137b   Thumb Code   580  btod.o(CL$$btod_mult_common)
    SystemInit                               0x080015c1   Thumb Code    82  system_stm32f7xx.o(i.SystemInit)
    LCD_InsertarDato(unsigned char)          0x08001625   Thumb Code    60  paso_a_paso.o(i._Z16LCD_InsertarDatoh)
    LCD_InicializarLCD()                     0x0800166d   Thumb Code    40  paso_a_paso.o(i._Z18LCD_InicializarLCDv)
    LCD_InsetarComando(unsigned char)        0x08001695   Thumb Code    60  paso_a_paso.o(i._Z18LCD_InsetarComandoh)
    LCD_MostrarFlotante(float)               0x080016dd   Thumb Code    52  paso_a_paso.o(i._Z19LCD_MostrarFlotantef)
    LCD_posicionarCursor(short, short)       0x08001715   Thumb Code    56  paso_a_paso.o(i._Z20LCD_posicionarCursorss)
    LCD_MostrarUnaCadenaChar(const char*)    0x0800175d   Thumb Code    22  paso_a_paso.o(i._Z24LCD_MostrarUnaCadenaCharPKc)
    LCD_InicializarUnCaracteroComando(unsigned char) 0x08001775   Thumb Code   100  paso_a_paso.o(i._Z33LCD_InicializarUnCaracteroComandoh)
    LCD_Delay(int)                           0x080017dd   Thumb Code    24  paso_a_paso.o(i._Z9LCD_Delayi)
    PIN::cambiar_salida(bool)                0x080017f5   Thumb Code    46  pin.o(i._ZN3PIN14cambiar_salidaEb)
    PIN::PIN(GPIO_TypeDef*, short, short, bool, short, short) 0x08001825   Thumb Code   206  pin.o(i._ZN3PINC1EP12GPIO_TypeDefssbss)
    PIN::PIN__sub_object(GPIO_TypeDef*, short, short, bool, short, short) 0x08001825   Thumb Code     0  pin.o(i._ZN3PINC1EP12GPIO_TypeDefssbss)
    operator new(unsigned)                   0x08001911   Thumb Code    34  new.o(i._Znwj)
    __ARM_fpclassify                         0x08001939   Thumb Code    48  fpclassify.o(i.__ARM_fpclassify)
    __ARM_fpclassifyf                        0x08001969   Thumb Code    38  fpclassifyf.o(i.__ARM_fpclassifyf)
    __hardfp_powf                            0x08001991   Thumb Code  1606  powf.o(i.__hardfp_powf)
    __mathlib_powf                           0x08001991   Thumb Code     0  powf.o(i.__hardfp_powf)
    __mathlib_flt_divzero                    0x08001ff5   Thumb Code    14  funder.o(i.__mathlib_flt_divzero)
    __mathlib_flt_infnan2                    0x08002009   Thumb Code     6  funder.o(i.__mathlib_flt_infnan2)
    __mathlib_flt_invalid                    0x08002011   Thumb Code    10  funder.o(i.__mathlib_flt_invalid)
    __mathlib_flt_overflow                   0x08002021   Thumb Code    10  funder.o(i.__mathlib_flt_overflow)
    __mathlib_flt_underflow                  0x08002031   Thumb Code    10  funder.o(i.__mathlib_flt_underflow)
    main                                     0x08002239   Thumb Code   188  paso_a_paso.o(i.main)
    _get_lc_numeric                          0x08002321   Thumb Code    44  lc_numeric_c.o(locale$$code)
    __fpl_dretinf                            0x0800234d   Thumb Code    12  dretinf.o(x$fpl$dretinf)
    __aeabi_f2d                              0x08002359   Thumb Code     0  f2d.o(x$fpl$f2d)
    _f2d                                     0x08002359   Thumb Code    86  f2d.o(x$fpl$f2d)
    __fpl_fnaninf                            0x080023af   Thumb Code   140  fnaninf.o(x$fpl$fnaninf)
    _fp_init                                 0x0800243b   Thumb Code    10  fpinit.o(x$fpl$fpinit)
    __fplib_config_fpu_vfp                   0x08002443   Thumb Code     0  fpinit.o(x$fpl$fpinit)
    __fplib_config_pureend_doubles           0x08002443   Thumb Code     0  fpinit.o(x$fpl$fpinit)
    _printf_fp_dec                           0x08002445   Thumb Code     4  printf1.o(x$fpl$printf1)
    __I$use$fp                               0x08002448   Number         0  usenofp.o(x$fpl$usenofp)
    Region$$Table$$Base                      0x0800262c   Number         0  anon$$obj.o(Region$$Table)
    Region$$Table$$Limit                     0x0800264c   Number         0  anon$$obj.o(Region$$Table)
    SHT$$INIT_ARRAY$$Base                    0x08002668   Number         0  paso_a_paso.o(.init_array)
    SHT$$INIT_ARRAY$$Limit                   0x0800266c   Number         0  init_aeabi.o(.init_array)
    LCD_D0                                   0x20010000   Data           4  paso_a_paso.o(.data)
    LCD_D1                                   0x20010004   Data           4  paso_a_paso.o(.data)
    LCD_D2                                   0x20010008   Data           4  paso_a_paso.o(.data)
    LCD_D3                                   0x2001000c   Data           4  paso_a_paso.o(.data)
    LCD_D4                                   0x20010010   Data           4  paso_a_paso.o(.data)
    LCD_D5                                   0x20010014   Data           4  paso_a_paso.o(.data)
    LCD_D6                                   0x20010018   Data           4  paso_a_paso.o(.data)
    LCD_D7                                   0x2001001c   Data           4  paso_a_paso.o(.data)
    LCD_PE                                   0x20010020   Data           4  paso_a_paso.o(.data)
    LCD_PRS                                  0x20010024   Data           4  paso_a_paso.o(.data)
    LCD_PRW                                  0x20010028   Data           4  paso_a_paso.o(.data)
    CGRAM                                    0x2001002c   Data           8  paso_a_paso.o(.data)
    dato                                     0x20010034   Data           4  paso_a_paso.o(.data)
    ARRAY_PDATOS                             0x20010038   Data          32  paso_a_paso.o(.bss)
    __libspace_start                         0x20010058   Data          96  libspace.o(.bss)
    __temporary_stack_top$libspace           0x200100b8   Data           0  libspace.o(.bss)



==============================================================================

Memory Map of the image

  Image Entry point : 0x0800028d

  Load Region LR_1 (Base: 0x08000000, Size: 0x000026a4, Max: 0xffffffff, ABSOLUTE)

    Execution Region ER_RO (Exec base: 0x08000000, Load base: 0x08000000, Size: 0x0000266c, Max: 0xffffffff, ABSOLUTE)

    Exec Addr    Load Addr    Size         Type   Attr      Idx    E Section Name        Object

    0x08000000   0x08000000   0x000001c8   Data   RO          208    RESET               startup_stm32f746xx.o
    0x080001c8   0x080001c8   0x00000008   Code   RO          315  * !!!main             c_w.l(__main.o)
    0x080001d0   0x080001d0   0x00000034   Code   RO          893    !!!scatter          c_w.l(__scatter.o)
    0x08000204   0x08000204   0x0000001a   Code   RO          895    !!handler_copy      c_w.l(__scatter_copy.o)
    0x0800021e   0x0800021e   0x00000002   PAD
    0x08000220   0x08000220   0x0000001c   Code   RO          897    !!handler_zi        c_w.l(__scatter_zi.o)
    0x0800023c   0x0800023c   0x00000000   Code   RO          312    .ARM.Collect$$_printf_percent$$00000000  c_w.l(_printf_percent.o)
    0x0800023c   0x0800023c   0x00000006   Code   RO          311    .ARM.Collect$$_printf_percent$$00000003  c_w.l(_printf_f.o)
    0x08000242   0x08000242   0x00000004   Code   RO          419    .ARM.Collect$$_printf_percent$$00000017  c_w.l(_printf_percent_end.o)
    0x08000246   0x08000246   0x00000002   Code   RO          774    .ARM.Collect$$libinit$$00000000  c_w.l(libinit.o)
    0x08000248   0x08000248   0x00000004   Code   RO          420    .ARM.Collect$$libinit$$00000001  c_w.l(libinit2.o)
    0x0800024c   0x0800024c   0x00000000   Code   RO          423    .ARM.Collect$$libinit$$00000004  c_w.l(libinit2.o)
    0x0800024c   0x0800024c   0x00000008   Code   RO          424    .ARM.Collect$$libinit$$00000005  c_w.l(libinit2.o)
    0x08000254   0x08000254   0x00000000   Code   RO          426    .ARM.Collect$$libinit$$0000000A  c_w.l(libinit2.o)
    0x08000254   0x08000254   0x00000000   Code   RO          428    .ARM.Collect$$libinit$$0000000C  c_w.l(libinit2.o)
    0x08000254   0x08000254   0x00000000   Code   RO          430    .ARM.Collect$$libinit$$0000000E  c_w.l(libinit2.o)
    0x08000254   0x08000254   0x00000006   Code   RO          431    .ARM.Collect$$libinit$$0000000F  c_w.l(libinit2.o)
    0x0800025a   0x0800025a   0x00000000   Code   RO          433    .ARM.Collect$$libinit$$00000011  c_w.l(libinit2.o)
    0x0800025a   0x0800025a   0x00000000   Code   RO          435    .ARM.Collect$$libinit$$00000013  c_w.l(libinit2.o)
    0x0800025a   0x0800025a   0x00000000   Code   RO          437    .ARM.Collect$$libinit$$00000015  c_w.l(libinit2.o)
    0x0800025a   0x0800025a   0x0000000a   Code   RO          438    .ARM.Collect$$libinit$$00000016  c_w.l(libinit2.o)
    0x08000264   0x08000264   0x00000000   Code   RO          439    .ARM.Collect$$libinit$$00000017  c_w.l(libinit2.o)
    0x08000264   0x08000264   0x00000000   Code   RO          441    .ARM.Collect$$libinit$$00000019  c_w.l(libinit2.o)
    0x08000264   0x08000264   0x00000000   Code   RO          443    .ARM.Collect$$libinit$$0000001B  c_w.l(libinit2.o)
    0x08000264   0x08000264   0x00000000   Code   RO          445    .ARM.Collect$$libinit$$0000001D  c_w.l(libinit2.o)
    0x08000264   0x08000264   0x00000000   Code   RO          447    .ARM.Collect$$libinit$$0000001F  c_w.l(libinit2.o)
    0x08000264   0x08000264   0x00000000   Code   RO          449    .ARM.Collect$$libinit$$00000021  c_w.l(libinit2.o)
    0x08000264   0x08000264   0x00000000   Code   RO          451    .ARM.Collect$$libinit$$00000023  c_w.l(libinit2.o)
    0x08000264   0x08000264   0x00000000   Code   RO          453    .ARM.Collect$$libinit$$00000025  c_w.l(libinit2.o)
    0x08000264   0x08000264   0x00000000   Code   RO          457    .ARM.Collect$$libinit$$0000002C  c_w.l(libinit2.o)
    0x08000264   0x08000264   0x00000000   Code   RO          459    .ARM.Collect$$libinit$$0000002E  c_w.l(libinit2.o)
    0x08000264   0x08000264   0x00000000   Code   RO          461    .ARM.Collect$$libinit$$00000030  c_w.l(libinit2.o)
    0x08000264   0x08000264   0x00000004   Code   RO          462    .ARM.Collect$$libinit$$00000031  c_w.l(libinit2.o)
    0x08000268   0x08000268   0x00000000   Code   RO          463    .ARM.Collect$$libinit$$00000032  c_w.l(libinit2.o)
    0x08000268   0x08000268   0x00000002   Code   RO          464    .ARM.Collect$$libinit$$00000033  c_w.l(libinit2.o)
    0x0800026a   0x0800026a   0x00000002   Code   RO          876    .ARM.Collect$$libshutdown$$00000000  c_w.l(libshutdown.o)
    0x0800026c   0x0800026c   0x00000000   Code   RO          855    .ARM.Collect$$libshutdown$$00000002  c_w.l(libshutdown2.o)
    0x0800026c   0x0800026c   0x00000000   Code   RO          857    .ARM.Collect$$libshutdown$$00000004  c_w.l(libshutdown2.o)
    0x0800026c   0x0800026c   0x00000000   Code   RO          860    .ARM.Collect$$libshutdown$$00000007  c_w.l(libshutdown2.o)
    0x0800026c   0x0800026c   0x00000000   Code   RO          863    .ARM.Collect$$libshutdown$$0000000A  c_w.l(libshutdown2.o)
    0x0800026c   0x0800026c   0x00000000   Code   RO          865    .ARM.Collect$$libshutdown$$0000000C  c_w.l(libshutdown2.o)
    0x0800026c   0x0800026c   0x00000000   Code   RO          868    .ARM.Collect$$libshutdown$$0000000F  c_w.l(libshutdown2.o)
    0x0800026c   0x0800026c   0x00000002   Code   RO          869    .ARM.Collect$$libshutdown$$00000010  c_w.l(libshutdown2.o)
    0x0800026e   0x0800026e   0x00000000   Code   RO          345    .ARM.Collect$$rtentry$$00000000  c_w.l(__rtentry.o)
    0x0800026e   0x0800026e   0x00000000   Code   RO          513    .ARM.Collect$$rtentry$$00000002  c_w.l(__rtentry2.o)
    0x0800026e   0x0800026e   0x00000006   Code   RO          525    .ARM.Collect$$rtentry$$00000004  c_w.l(__rtentry4.o)
    0x08000274   0x08000274   0x00000000   Code   RO          515    .ARM.Collect$$rtentry$$00000009  c_w.l(__rtentry2.o)
    0x08000274   0x08000274   0x00000004   Code   RO          516    .ARM.Collect$$rtentry$$0000000A  c_w.l(__rtentry2.o)
    0x08000278   0x08000278   0x00000000   Code   RO          518    .ARM.Collect$$rtentry$$0000000C  c_w.l(__rtentry2.o)
    0x08000278   0x08000278   0x00000008   Code   RO          519    .ARM.Collect$$rtentry$$0000000D  c_w.l(__rtentry2.o)
    0x08000280   0x08000280   0x00000002   Code   RO          806    .ARM.Collect$$rtexit$$00000000  c_w.l(rtexit.o)
    0x08000282   0x08000282   0x00000000   Code   RO          838    .ARM.Collect$$rtexit$$00000002  c_w.l(rtexit2.o)
    0x08000282   0x08000282   0x00000004   Code   RO          839    .ARM.Collect$$rtexit$$00000003  c_w.l(rtexit2.o)
    0x08000286   0x08000286   0x00000006   Code   RO          840    .ARM.Collect$$rtexit$$00000004  c_w.l(rtexit2.o)
    0x0800028c   0x0800028c   0x00000000   Code   RO          746    .emb_text           c_w.l(maybetermalloc1.o)
    0x0800028c   0x0800028c   0x00000040   Code   RO          209  * .text               startup_stm32f746xx.o
    0x080002cc   0x080002cc   0x00000034   Code   RO          284    .text               c_w.l(noretval__2snprintf.o)
    0x08000300   0x08000300   0x00000068   Code   RO          286    .text               c_w.l(__printf.o)
    0x08000368   0x08000368   0x00000006   Code   RO          313    .text               c_w.l(heapauxi.o)
    0x0800036e   0x0800036e   0x00000002   PAD
    0x08000370   0x08000370   0x00000024   Code   RO          320    .text               c_w.l(init_aeabi.o)
    0x08000394   0x08000394   0x00000008   Code   RO          349    .text               c_w.l(rt_new_handler_addr_intlibspace.o)
    0x0800039c   0x0800039c   0x0000005e   Code   RO          353    .text               c_w.l(h1_alloc.o)
    0x080003fa   0x080003fa   0x00000016   Code   RO          407    .text               c_w.l(_rserrno.o)
    0x08000410   0x08000410   0x0000041e   Code   RO          411    .text               c_w.l(_printf_fp_dec.o)
    0x0800082e   0x0800082e   0x00000002   PAD
    0x08000830   0x08000830   0x00000030   Code   RO          413    .text               c_w.l(_printf_char_common.o)
    0x08000860   0x08000860   0x0000000a   Code   RO          415    .text               c_w.l(_sputc.o)
    0x0800086a   0x0800086a   0x00000010   Code   RO          417    .text               c_w.l(_snputc.o)
    0x0800087a   0x0800087a   0x00000004   Code   RO          468    .text               cpprt_w.l(arm_newhandler_noexceptions.o)
    0x0800087e   0x0800087e   0x00000002   PAD
    0x08000880   0x08000880   0x00000008   Code   RO          507    .text               c_w.l(libspace.o)
    0x08000888   0x08000888   0x00000008   Code   RO          530    .text               c_w.l(rt_heap_descriptor_intlibspace.o)
    0x08000890   0x08000890   0x00000008   Code   RO          535    .text               c_w.l(rt_locale_intlibspace.o)
    0x08000898   0x08000898   0x00000008   Code   RO          540    .text               c_w.l(rt_errno_addr_intlibspace.o)
    0x080008a0   0x080008a0   0x00000004   Code   RO          542    .text               c_w.l(hguard.o)
    0x080008a4   0x080008a4   0x0000008a   Code   RO          544    .text               c_w.l(init_alloc.o)
    0x0800092e   0x0800092e   0x0000000e   Code   RO          550    .text               c_w.l(h1_init.o)
    0x0800093c   0x0800093c   0x0000004e   Code   RO          552    .text               c_w.l(h1_free.o)
    0x0800098a   0x0800098a   0x0000008a   Code   RO          568    .text               c_w.l(lludiv10.o)
    0x08000a14   0x08000a14   0x00000080   Code   RO          570    .text               c_w.l(_printf_fp_infnan.o)
    0x08000a94   0x08000a94   0x000000e4   Code   RO          574    .text               c_w.l(bigflt0.o)
    0x08000b78   0x08000b78   0x0000001a   Code   RO          730    .text               cpprt_w.l(arm_exceptions_terminate.o)
    0x08000b92   0x08000b92   0x0000004a   Code   RO          742    .text               c_w.l(sys_stackheap_outer.o)
    0x08000bdc   0x08000bdc   0x00000034   Code   RO          748    .text               c_w.l(h1_extend.o)
    0x08000c10   0x08000c10   0x00000012   Code   RO          752    .text               c_w.l(exit.o)
    0x08000c22   0x08000c22   0x00000016   Code   RO          754    .text               c_w.l(abort.o)
    0x08000c38   0x08000c38   0x0000000e   Code   RO          756    .text               c_w.l(defsig_rtmem_outer.o)
    0x08000c46   0x08000c46   0x00000002   PAD
    0x08000c48   0x08000c48   0x00000068   Code   RO          760    .text               c_w.l(strcmpv7m_pel.o)
    0x08000cb0   0x08000cb0   0x00000050   Code   RO          791    .text               cpprt_w.l(arm_exceptions_globs.o)
    0x08000d00   0x08000d00   0x0000000c   Code   RO          801    .text               c_w.l(sys_exit.o)
    0x08000d0c   0x08000d0c   0x00000002   Code   RO          803    .text               c_w.l(use_no_semi.o)
    0x08000d0e   0x08000d0e   0x00000000   Code   RO          805    .text               c_w.l(indicate_semi.o)
    0x08000d0e   0x08000d0e   0x00000002   PAD
    0x08000d10   0x08000d10   0x00000008   Code   RO          813    .text               c_w.l(rt_eh_globals_addr_intlibspace.o)
    0x08000d18   0x08000d18   0x0000000a   Code   RO          819    .text               c_w.l(defsig_exit.o)
    0x08000d22   0x08000d22   0x0000000e   Code   RO          821    .text               c_w.l(defsig_abrt_outer.o)
    0x08000d30   0x08000d30   0x00000050   Code   RO          825    .text               c_w.l(defsig_rtmem_inner.o)
    0x08000d80   0x08000d80   0x0000003c   Code   RO          830    .text               cpprt_w.l(arm_exceptions_mem.o)
    0x08000dbc   0x08000dbc   0x00000032   Code   RO          850    .text               c_w.l(defsig_general.o)
    0x08000dee   0x08000dee   0x00000002   PAD
    0x08000df0   0x08000df0   0x00000030   Code   RO          852    .text               c_w.l(defsig_abrt_inner.o)
    0x08000e20   0x08000e20   0x0000000e   Code   RO          870    .text               c_w.l(sys_wrch.o)
    0x08000e2e   0x08000e2e   0x0000003e   Code   RO          577    CL$$btod_d2e        c_w.l(btod.o)
    0x08000e6c   0x08000e6c   0x00000046   Code   RO          579    CL$$btod_d2e_denorm_low  c_w.l(btod.o)
    0x08000eb2   0x08000eb2   0x00000060   Code   RO          578    CL$$btod_d2e_norm_op1  c_w.l(btod.o)
    0x08000f12   0x08000f12   0x00000338   Code   RO          587    CL$$btod_div_common  c_w.l(btod.o)
    0x0800124a   0x0800124a   0x000000dc   Code   RO          584    CL$$btod_e2e        c_w.l(btod.o)
    0x08001326   0x08001326   0x0000002a   Code   RO          581    CL$$btod_ediv       c_w.l(btod.o)
    0x08001350   0x08001350   0x0000002a   Code   RO          580    CL$$btod_emul       c_w.l(btod.o)
    0x0800137a   0x0800137a   0x00000244   Code   RO          586    CL$$btod_mult_common  c_w.l(btod.o)
    0x080015be   0x080015be   0x00000002   PAD
    0x080015c0   0x080015c0   0x00000064   Code   RO          217    i.SystemInit        system_stm32f7xx.o
    0x08001624   0x08001624   0x00000048   Code   RO            4    i._Z16LCD_InsertarDatoh  paso_a_paso.o
    0x0800166c   0x0800166c   0x00000028   Code   RO            6    i._Z18LCD_InicializarLCDv  paso_a_paso.o
    0x08001694   0x08001694   0x00000048   Code   RO            7    i._Z18LCD_InsetarComandoh  paso_a_paso.o
    0x080016dc   0x080016dc   0x00000038   Code   RO            8    i._Z19LCD_MostrarFlotantef  paso_a_paso.o
    0x08001714   0x08001714   0x00000048   Code   RO           10    i._Z20LCD_posicionarCursorss  paso_a_paso.o
    0x0800175c   0x0800175c   0x00000016   Code   RO           11    i._Z24LCD_MostrarUnaCadenaCharPKc  paso_a_paso.o
    0x08001772   0x08001772   0x00000002   PAD
    0x08001774   0x08001774   0x00000068   Code   RO           12    i._Z33LCD_InicializarUnCaracteroComandoh  paso_a_paso.o
    0x080017dc   0x080017dc   0x00000018   Code   RO           13    i._Z9LCD_Delayi     paso_a_paso.o
    0x080017f4   0x080017f4   0x0000002e   Code   RO          156    i._ZN3PIN14cambiar_salidaEb  pin.o
    0x08001822   0x08001822   0x00000002   PAD
    0x08001824   0x08001824   0x000000ec   Code   RO          158    i._ZN3PINC1EP12GPIO_TypeDefssbss  pin.o
    0x08001910   0x08001910   0x00000028   Code   RO          323    i._Znwj             cpprt_w.l(new.o)
    0x08001938   0x08001938   0x00000030   Code   RO          738    i.__ARM_fpclassify  m_wm.l(fpclassify.o)
    0x08001968   0x08001968   0x00000026   Code   RO          491    i.__ARM_fpclassifyf  m_wm.l(fpclassifyf.o)
    0x0800198e   0x0800198e   0x00000002   PAD
    0x08001990   0x08001990   0x00000664   Code   RO          331    i.__hardfp_powf     m_wm.l(powf.o)
    0x08001ff4   0x08001ff4   0x00000014   Code   RO          493    i.__mathlib_flt_divzero  m_wm.l(funder.o)
    0x08002008   0x08002008   0x00000006   Code   RO          495    i.__mathlib_flt_infnan2  m_wm.l(funder.o)
    0x0800200e   0x0800200e   0x00000002   PAD
    0x08002010   0x08002010   0x00000010   Code   RO          496    i.__mathlib_flt_invalid  m_wm.l(funder.o)
    0x08002020   0x08002020   0x00000010   Code   RO          497    i.__mathlib_flt_overflow  m_wm.l(funder.o)
    0x08002030   0x08002030   0x00000010   Code   RO          499    i.__mathlib_flt_underflow  m_wm.l(funder.o)
    0x08002040   0x08002040   0x000001f8   Code   RO           14    i.__sti___15_Paso_a_Paso_cpp_LCD_D0  paso_a_paso.o
    0x08002238   0x08002238   0x000000e8   Code   RO           15    i.main              paso_a_paso.o
    0x08002320   0x08002320   0x0000002c   Code   RO          600    locale$$code        c_w.l(lc_numeric_c.o)
    0x0800234c   0x0800234c   0x0000000c   Code   RO          484    x$fpl$dretinf       fz_wm.l(dretinf.o)
    0x08002358   0x08002358   0x00000056   Code   RO          327    x$fpl$f2d           fz_wm.l(f2d.o)
    0x080023ae   0x080023ae   0x0000008c   Code   RO          486    x$fpl$fnaninf       fz_wm.l(fnaninf.o)
    0x0800243a   0x0800243a   0x0000000a   Code   RO          736    x$fpl$fpinit        fz_wm.l(fpinit.o)
    0x08002444   0x08002444   0x00000004   Code   RO          329    x$fpl$printf1       fz_wm.l(printf1.o)
    0x08002448   0x08002448   0x00000000   Code   RO          490    x$fpl$usenofp       fz_wm.l(usenofp.o)
    0x08002448   0x08002448   0x00000010   Data   RO           29    .constdata          paso_a_paso.o
    0x08002458   0x08002458   0x00000140   Data   RO          334    .constdata          m_wm.l(powf.o)
    0x08002598   0x08002598   0x00000094   Data   RO          575    .constdata          c_w.l(bigflt0.o)
    0x0800262c   0x0800262c   0x00000020   Data   RO          891    Region$$Table       anon$$obj.o
    0x0800264c   0x0800264c   0x0000001c   Data   RO          599    locale$$data        c_w.l(lc_numeric_c.o)
    0x08002668   0x08002668   0x00000004   Data   RO           31    .init_array         paso_a_paso.o
    0x0800266c   0x08002668   0x00000000   Data   RO          318    .init_array         c_w.l(init_aeabi.o)


    Execution Region ER_RW (Exec base: 0x20010000, Load base: 0x0800266c, Size: 0x00000038, Max: 0xffffffff, ABSOLUTE)

    Exec Addr    Load Addr    Size         Type   Attr      Idx    E Section Name        Object

    0x20010000   0x0800266c   0x00000038   Data   RW           30    .data               paso_a_paso.o


    Execution Region ER_ZI (Exec base: 0x20010038, Load base: 0x080026a4, Size: 0x00000680, Max: 0xffffffff, ABSOLUTE)

    Exec Addr    Load Addr    Size         Type   Attr      Idx    E Section Name        Object

    0x20010038        -       0x00000020   Zero   RW           28    .bss                paso_a_paso.o
    0x20010058        -       0x00000060   Zero   RW          508    .bss                c_w.l(libspace.o)
    0x200100b8        -       0x00000200   Zero   RW          207    HEAP                startup_stm32f746xx.o
    0x200102b8        -       0x00000400   Zero   RW          206    STACK               startup_stm32f746xx.o


==============================================================================

Image component sizes


      Code (inc. data)   RO Data    RW Data    ZI Data      Debug   Object Name

      1198        146         20         56         32     634819   paso_a_paso.o
       282         30          0          0          0       3392   pin.o
        64         26        456          0       1536        884   startup_stm32f746xx.o
       100         18          0          0          0       1989   system_stm32f7xx.o

    ----------------------------------------------------------------------
      1648        220        508         56       1568     641084   Object Totals
         0          0         32          0          0          0   (incl. Generated)
         4          0          0          0          0          0   (incl. Padding)

    ----------------------------------------------------------------------

      Code (inc. data)   RO Data    RW Data    ZI Data      Debug   Library Member Name

         8          0          0          0          0         68   __main.o
       104          0          0          0          0         84   __printf.o
         0          0          0          0          0          0   __rtentry.o
        12          0          0          0          0          0   __rtentry2.o
         6          0          0          0          0          0   __rtentry4.o
        52          8          0          0          0          0   __scatter.o
        26          0          0          0          0          0   __scatter_copy.o
        28          0          0          0          0          0   __scatter_zi.o
        48          6          0          0          0         96   _printf_char_common.o
         6          0          0          0          0          0   _printf_f.o
      1054          0          0          0          0        216   _printf_fp_dec.o
       128         16          0          0          0         84   _printf_fp_infnan.o
         0          0          0          0          0          0   _printf_percent.o
         4          0          0          0          0          0   _printf_percent_end.o
        22          0          0          0          0        100   _rserrno.o
        16          0          0          0          0         68   _snputc.o
        10          0          0          0          0         68   _sputc.o
        22          0          0          0          0         80   abort.o
       228          4        148          0          0         96   bigflt0.o
      1936        128          0          0          0        672   btod.o
        48         34          0          0          0         76   defsig_abrt_inner.o
        14          0          0          0          0         80   defsig_abrt_outer.o
        10          0          0          0          0         68   defsig_exit.o
        50          0          0          0          0         88   defsig_general.o
        80         58          0          0          0         76   defsig_rtmem_inner.o
        14          0          0          0          0         80   defsig_rtmem_outer.o
        18          0          0          0          0         80   exit.o
        94          0          0          0          0         80   h1_alloc.o
        52          0          0          0          0         68   h1_extend.o
        78          0          0          0          0         80   h1_free.o
        14          0          0          0          0         84   h1_init.o
         6          0          0          0          0        152   heapauxi.o
         4          0          0          0          0        136   hguard.o
         0          0          0          0          0          0   indicate_semi.o
        36         10          0          0          0         80   init_aeabi.o
       138          0          0          0          0        168   init_alloc.o
        44         10         28          0          0         76   lc_numeric_c.o
         2          0          0          0          0          0   libinit.o
        34          0          0          0          0          0   libinit2.o
         2          0          0          0          0          0   libshutdown.o
         2          0          0          0          0          0   libshutdown2.o
         8          4          0          0         96         68   libspace.o
       138          0          0          0          0         80   lludiv10.o
         0          0          0          0          0          0   maybetermalloc1.o
        52          4          0          0          0         84   noretval__2snprintf.o
         8          4          0          0          0         68   rt_eh_globals_addr_intlibspace.o
         8          4          0          0          0         68   rt_errno_addr_intlibspace.o
         8          4          0          0          0         68   rt_heap_descriptor_intlibspace.o
         8          4          0          0          0         68   rt_locale_intlibspace.o
         8          4          0          0          0         68   rt_new_handler_addr_intlibspace.o
         2          0          0          0          0          0   rtexit.o
        10          0          0          0          0          0   rtexit2.o
       104          0          0          0          0         68   strcmpv7m_pel.o
        12          4          0          0          0         68   sys_exit.o
        74          0          0          0          0         80   sys_stackheap_outer.o
        14          0          0          0          0         76   sys_wrch.o
         2          0          0          0          0         68   use_no_semi.o
        80         12          0          0          0        104   arm_exceptions_globs.o
        60          0          0          0          0        108   arm_exceptions_mem.o
        26          0          0          0          0         76   arm_exceptions_terminate.o
         4          0          0          0          0         68   arm_newhandler_noexceptions.o
        40          6          0          0          0         76   new.o
        12          0          0          0          0        116   dretinf.o
        86          4          0          0          0        132   f2d.o
       140          4          0          0          0        132   fnaninf.o
        10          0          0          0          0        116   fpinit.o
         4          0          0          0          0        116   printf1.o
         0          0          0          0          0          0   usenofp.o
        48          0          0          0          0        124   fpclassify.o
        38          0          0          0          0        116   fpclassifyf.o
        74         24          0          0          0        580   funder.o
      1636        110        320          0          0        372   powf.o

    ----------------------------------------------------------------------
      7184        466        496          0         96       6272   Library Totals
        20          0          0          0          0          0   (incl. Padding)

    ----------------------------------------------------------------------

      Code (inc. data)   RO Data    RW Data    ZI Data      Debug   Library Name

      4906        306        176          0         96       4036   c_w.l
       210         18          0          0          0        432   cpprt_w.l
       252          8          0          0          0        612   fz_wm.l
      1796        134        320          0          0       1192   m_wm.l

    ----------------------------------------------------------------------
      7184        466        496          0         96       6272   Library Totals

    ----------------------------------------------------------------------

==============================================================================


      Code (inc. data)   RO Data    RW Data    ZI Data      Debug   

      8832        686       1004         56       1664     642656   Grand Totals
      8832        686       1004         56       1664     642656   ELF Image Totals
      8832        686       1004         56          0          0   ROM Totals

==============================================================================

    Total RO  Size (Code + RO Data)                 9836 (   9.61kB)
    Total RW  Size (RW Data + ZI Data)              1720 (   1.68kB)
    Total ROM Size (Code + RO Data + RW Data)       9892 (   9.66kB)

==============================================================================

